Archive member included to satisfy reference by file (symbol)

C:/ST/STM32CubeIDE_1.13.2/STM32CubeIDE/plugins/com.st.stm32cube.ide.mcu.externaltools.gnu-tools-for-stm32.11.3.rel1.win32_1.1.1.202309131626/tools/bin/../lib/gcc/arm-none-eabi/11.3.1/../../../../arm-none-eabi/lib/thumb/v8-m.main+fp/hard\libc_nano.a(libc_a-exit.o)
                              C:/ST/STM32CubeIDE_1.13.2/STM32CubeIDE/plugins/com.st.stm32cube.ide.mcu.externaltools.gnu-tools-for-stm32.11.3.rel1.win32_1.1.1.202309131626/tools/bin/../lib/gcc/arm-none-eabi/11.3.1/../../../../arm-none-eabi/lib/thumb/v8-m.main+fp/hard/crt0.o (exit)
C:/ST/STM32CubeIDE_1.13.2/STM32CubeIDE/plugins/com.st.stm32cube.ide.mcu.externaltools.gnu-tools-for-stm32.11.3.rel1.win32_1.1.1.202309131626/tools/bin/../lib/gcc/arm-none-eabi/11.3.1/../../../../arm-none-eabi/lib/thumb/v8-m.main+fp/hard\libc_nano.a(libc_a-findfp.o)
                              C:/ST/STM32CubeIDE_1.13.2/STM32CubeIDE/plugins/com.st.stm32cube.ide.mcu.externaltools.gnu-tools-for-stm32.11.3.rel1.win32_1.1.1.202309131626/tools/bin/../lib/gcc/arm-none-eabi/11.3.1/../../../../arm-none-eabi/lib/thumb/v8-m.main+fp/hard\libc_nano.a(libc_a-exit.o) (__stdio_exit_handler)
C:/ST/STM32CubeIDE_1.13.2/STM32CubeIDE/plugins/com.st.stm32cube.ide.mcu.externaltools.gnu-tools-for-stm32.11.3.rel1.win32_1.1.1.202309131626/tools/bin/../lib/gcc/arm-none-eabi/11.3.1/../../../../arm-none-eabi/lib/thumb/v8-m.main+fp/hard\libc_nano.a(libc_a-fwalk.o)
                              C:/ST/STM32CubeIDE_1.13.2/STM32CubeIDE/plugins/com.st.stm32cube.ide.mcu.externaltools.gnu-tools-for-stm32.11.3.rel1.win32_1.1.1.202309131626/tools/bin/../lib/gcc/arm-none-eabi/11.3.1/../../../../arm-none-eabi/lib/thumb/v8-m.main+fp/hard\libc_nano.a(libc_a-findfp.o) (_fwalk_sglue)
C:/ST/STM32CubeIDE_1.13.2/STM32CubeIDE/plugins/com.st.stm32cube.ide.mcu.externaltools.gnu-tools-for-stm32.11.3.rel1.win32_1.1.1.202309131626/tools/bin/../lib/gcc/arm-none-eabi/11.3.1/../../../../arm-none-eabi/lib/thumb/v8-m.main+fp/hard\libc_nano.a(libc_a-printf.o)
                              ./MEMS/App/app_mems.o (printf)
C:/ST/STM32CubeIDE_1.13.2/STM32CubeIDE/plugins/com.st.stm32cube.ide.mcu.externaltools.gnu-tools-for-stm32.11.3.rel1.win32_1.1.1.202309131626/tools/bin/../lib/gcc/arm-none-eabi/11.3.1/../../../../arm-none-eabi/lib/thumb/v8-m.main+fp/hard\libc_nano.a(libc_a-snprintf.o)
                              ./MEMS/App/app_mems.o (snprintf)
C:/ST/STM32CubeIDE_1.13.2/STM32CubeIDE/plugins/com.st.stm32cube.ide.mcu.externaltools.gnu-tools-for-stm32.11.3.rel1.win32_1.1.1.202309131626/tools/bin/../lib/gcc/arm-none-eabi/11.3.1/../../../../arm-none-eabi/lib/thumb/v8-m.main+fp/hard\libc_nano.a(libc_a-stdio.o)
                              C:/ST/STM32CubeIDE_1.13.2/STM32CubeIDE/plugins/com.st.stm32cube.ide.mcu.externaltools.gnu-tools-for-stm32.11.3.rel1.win32_1.1.1.202309131626/tools/bin/../lib/gcc/arm-none-eabi/11.3.1/../../../../arm-none-eabi/lib/thumb/v8-m.main+fp/hard\libc_nano.a(libc_a-findfp.o) (__sread)
C:/ST/STM32CubeIDE_1.13.2/STM32CubeIDE/plugins/com.st.stm32cube.ide.mcu.externaltools.gnu-tools-for-stm32.11.3.rel1.win32_1.1.1.202309131626/tools/bin/../lib/gcc/arm-none-eabi/11.3.1/../../../../arm-none-eabi/lib/thumb/v8-m.main+fp/hard\libc_nano.a(libc_a-memset.o)
                              C:/ST/STM32CubeIDE_1.13.2/STM32CubeIDE/plugins/com.st.stm32cube.ide.mcu.externaltools.gnu-tools-for-stm32.11.3.rel1.win32_1.1.1.202309131626/tools/bin/../lib/gcc/arm-none-eabi/11.3.1/../../../../arm-none-eabi/lib/thumb/v8-m.main+fp/hard/crt0.o (memset)
C:/ST/STM32CubeIDE_1.13.2/STM32CubeIDE/plugins/com.st.stm32cube.ide.mcu.externaltools.gnu-tools-for-stm32.11.3.rel1.win32_1.1.1.202309131626/tools/bin/../lib/gcc/arm-none-eabi/11.3.1/../../../../arm-none-eabi/lib/thumb/v8-m.main+fp/hard\libc_nano.a(libc_a-closer.o)
                              C:/ST/STM32CubeIDE_1.13.2/STM32CubeIDE/plugins/com.st.stm32cube.ide.mcu.externaltools.gnu-tools-for-stm32.11.3.rel1.win32_1.1.1.202309131626/tools/bin/../lib/gcc/arm-none-eabi/11.3.1/../../../../arm-none-eabi/lib/thumb/v8-m.main+fp/hard\libc_nano.a(libc_a-stdio.o) (_close_r)
C:/ST/STM32CubeIDE_1.13.2/STM32CubeIDE/plugins/com.st.stm32cube.ide.mcu.externaltools.gnu-tools-for-stm32.11.3.rel1.win32_1.1.1.202309131626/tools/bin/../lib/gcc/arm-none-eabi/11.3.1/../../../../arm-none-eabi/lib/thumb/v8-m.main+fp/hard\libc_nano.a(libc_a-reent.o)
                              C:/ST/STM32CubeIDE_1.13.2/STM32CubeIDE/plugins/com.st.stm32cube.ide.mcu.externaltools.gnu-tools-for-stm32.11.3.rel1.win32_1.1.1.202309131626/tools/bin/../lib/gcc/arm-none-eabi/11.3.1/../../../../arm-none-eabi/lib/thumb/v8-m.main+fp/hard\libc_nano.a(libc_a-closer.o) (errno)
C:/ST/STM32CubeIDE_1.13.2/STM32CubeIDE/plugins/com.st.stm32cube.ide.mcu.externaltools.gnu-tools-for-stm32.11.3.rel1.win32_1.1.1.202309131626/tools/bin/../lib/gcc/arm-none-eabi/11.3.1/../../../../arm-none-eabi/lib/thumb/v8-m.main+fp/hard\libc_nano.a(libc_a-impure.o)
[...]
Memory Configuration

Name             Origin             Length             Attributes
RAM              0x0000000020000000 0x00000000000a0000 xrw
FLASH            0x0000000008000000 0x0000000000200000 xr
*default*        0x0000000000000000 0xffffffffffffffff

Linker script and memory map

LOAD C:/ST/STM32CubeIDE_1.13.2/STM32CubeIDE/plugins/com.st.stm32cube.ide.mcu.externaltools.gnu-tools-for-stm32.11.3.rel1.win32_1.1.1.202309131626/tools/bin/../lib/gcc/arm-none-eabi/11.3.1/thumb/v8-m.main+fp/hard/crti.o
LOAD C:/ST/STM32CubeIDE_1.13.2/STM32CubeIDE/plugins/com.st.stm32cube.ide.mcu.externaltools.gnu-tools-for-stm32.11.3.rel1.win32_1.1.1.202309131626/tools/bin/../lib/gcc/arm-none-eabi/11.3.1/thumb/v8-m.main+fp/hard/crtbegin.o
LOAD C:/ST/STM32CubeIDE_1.13.2/STM32CubeIDE/plugins/com.st.stm32cube.ide.mcu.externaltools.gnu-tools-for-stm32.11.3.rel1.win32_1.1.1.202309131626/tools/bin/../lib/gcc/arm-none-eabi/11.3.1/../../../../arm-none-eabi/lib/thumb/v8-m.main+fp/hard/crt0.o
LOAD ./Core/Src/main.o
LOAD ./Core/Src/stm32h5xx_hal_msp.o
LOAD ./Core/Src/stm32h5xx_it.o
LOAD ./Core/Src/stm32h5xx_nucleo_bus.o
LOAD ./Core/Src/syscalls.o
LOAD ./Core/Src/sysmem.o
LOAD ./Core/Src/system_stm32h5xx.o
LOAD ./Core/Startup/startup_stm32h563zitx.o
LOAD ./Drivers/BSP/Components/iis2dlpc/iis2dlpc.o
LOAD ./Drivers/BSP/Components/iis2dlpc/iis2dlpc_reg.o
LOAD ./Drivers/BSP/Components/iis2mdc/iis2mdc.o
LOAD ./Drivers/BSP/Components/iis2mdc/iis2mdc_reg.o
LOAD ./Drivers/BSP/Components/ism330dhcx/ism330dhcx.o
LOAD ./Drivers/BSP/Components/ism330dhcx/ism330dhcx_reg.o
LOAD ./Drivers/BSP/IKS02A1/iks02a1_motion_sensors.o
LOAD ./Drivers/BSP/IKS02A1/iks02a1_motion_sensors_ex.o
LOAD ./Drivers/BSP/STM32H5xx_Nucleo/stm32h5xx_nucleo.o
LOAD ./Drivers/STM32H5xx_HAL_Driver/Src/stm32h5xx_hal.o
LOAD ./Drivers/STM32H5xx_HAL_Driver/Src/stm32h5xx_hal_adc.o
LOAD ./Drivers/STM32H5xx_HAL_Driver/Src/stm32h5xx_hal_adc_ex.o
LOAD ./Drivers/STM32H5xx_HAL_Driver/Src/stm32h5xx_hal_cortex.o
LOAD ./Drivers/STM32H5xx_HAL_Driver/Src/stm32h5xx_hal_crc.o
LOAD ./Drivers/STM32H5xx_HAL_Driver/Src/stm32h5xx_hal_crc_ex.o
LOAD ./Drivers/STM32H5xx_HAL_Driver/Src/stm32h5xx_hal_dma.o
LOAD ./Drivers/STM32H5xx_HAL_Driver/Src/stm32h5xx_hal_dma_ex.o
LOAD ./Drivers/STM32H5xx_HAL_Driver/Src/stm32h5xx_hal_exti.o
LOAD ./Drivers/STM32H5xx_HAL_Driver/Src/stm32h5xx_hal_flash.o
LOAD ./Drivers/STM32H5xx_HAL_Driver/Src/stm32h5xx_hal_flash_ex.o
LOAD ./Drivers/STM32H5xx_HAL_Driver/Src/stm32h5xx_hal_gpio.o
LOAD ./Drivers/STM32H5xx_HAL_Driver/Src/stm32h5xx_hal_i2c.o
LOAD ./Drivers/STM32H5xx_HAL_Driver/Src/stm32h5xx_hal_i2c_ex.o
LOAD ./Drivers/STM32H5xx_HAL_Driver/Src/stm32h5xx_hal_icache.o
LOAD ./Drivers/STM32H5xx_HAL_Driver/Src/stm32h5xx_hal_pwr.o
LOAD ./Drivers/STM32H5xx_HAL_Driver/Src/stm32h5xx_hal_pwr_ex.o
LOAD ./Drivers/STM32H5xx_HAL_Driver/Src/stm32h5xx_hal_rcc.o
LOAD ./Drivers/STM32H5xx_HAL_Driver/Src/stm32h5xx_hal_rcc_ex.o
LOAD ./Drivers/STM32H5xx_HAL_Driver/Src/stm32h5xx_hal_rtc.o
LOAD ./Drivers/STM32H5xx_HAL_Driver/Src/stm32h5xx_hal_rtc_ex.o
LOAD ./Drivers/STM32H5xx_HAL_Driver/Src/stm32h5xx_hal_tim.o
LOAD ./Drivers/STM32H5xx_HAL_Driver/Src/stm32h5xx_hal_tim_ex.o
LOAD ./Drivers/STM32H5xx_HAL_Driver/Src/stm32h5xx_hal_uart.o
LOAD ./Drivers/STM32H5xx_HAL_Driver/Src/stm32h5xx_hal_uart_ex.o
LOAD ./MEMS/App/app_mems.o
LOAD ../Middlewares/ST/STM32_MotionFX_Library/Lib\MotionFX_CM33F_wc32_ot_hard.a
START GROUP
LOAD C:/ST/STM32CubeIDE_1.13.2/STM32CubeIDE/plugins/com.st.stm32cube.ide.mcu.externaltools.gnu-tools-for-stm32.11.3.rel1.win32_1.1.1.202309131626/tools/bin/../lib/gcc/arm-none-eabi/11.3.1/../../../../arm-none-eabi/lib/thumb/v8-m.main+fp/hard\libc_nano.a
LOAD C:/ST/STM32CubeIDE_1.13.2/STM32CubeIDE/plugins/com.st.stm32cube.ide.mcu.externaltools.gnu-tools-for-stm32.11.3.rel1.win32_1.1.1.202309131626/tools/bin/../lib/gcc/arm-none-eabi/11.3.1/../../../../arm-none-eabi/lib/thumb/v8-m.main+fp/hard\libm.a
END GROUP
START GROUP
LOAD C:/ST/STM32CubeIDE_1.13.2/STM32CubeIDE/plugins/com.st.stm32cube.ide.mcu.externaltools.gnu-tools-for-stm32.11.3.rel1.win32_1.1.1.202309131626/tools/bin/../lib/gcc/arm-none-eabi/11.3.1/thumb/v8-m.main+fp/hard\libgcc.a
LOAD C:/ST/STM32CubeIDE_1.13.2/STM32CubeIDE/plugins/com.st.stm32cube.ide.mcu.externaltools.gnu-tools-for-stm32.11.3.rel1.win32_1.1.1.202309131626/tools/bin/../lib/gcc/arm-none-eabi/11.3.1/../../../../arm-none-eabi/lib/thumb/v8-m.main+fp/hard\libc_nano.a
END GROUP
START GROUP
LOAD C:/ST/STM32CubeIDE_1.13.2/STM32CubeIDE/plugins/com.st.stm32cube.ide.mcu.externaltools.gnu-tools-for-stm32.11.3.rel1.win32_1.1.1.202309131626/tools/bin/../lib/gcc/arm-none-eabi/11.3.1/thumb/v8-m.main+fp/hard\libgcc.a
LOAD C:/ST/STM32CubeIDE_1.13.2/STM32CubeIDE/plugins/com.st.stm32cube.ide.mcu.externaltools.gnu-tools-for-stm32.11.3.rel1.win32_1.1.1.202309131626/tools/bin/../lib/gcc/arm-none-eabi/11.3.1/../../../../arm-none-eabi/lib/thumb/v8-m.main+fp/hard\libc_nano.a
LOAD C:/ST/STM32CubeIDE_1.13.2/STM32CubeIDE/plugins/com.st.stm32cube.ide.mcu.externaltools.gnu-tools-for-stm32.11.3.rel1.win32_1.1.1.202309131626/tools/bin/../lib/gcc/arm-none-eabi/11.3.1/../../../../arm-none-eabi/lib/thumb/v8-m.main+fp/hard\libnosys.a
END GROUP
START GROUP
LOAD C:/ST/STM32CubeIDE_1.13.2/STM32CubeIDE/plugins/com.st.stm32cube.ide.mcu.externaltools.gnu-tools-for-stm32.11.3.rel1.win32_1.1.1.202309131626/tools/bin/../lib/gcc/arm-none-eabi/11.3.1/thumb/v8-m.main+fp/hard\libgcc.a
LOAD C:/ST/STM32CubeIDE_1.13.2/STM32CubeIDE/plugins/com.st.stm32cube.ide.mcu.externaltools.gnu-tools-for-stm32.11.3.rel1.win32_1.1.1.202309131626/tools/bin/../lib/gcc/arm-none-eabi/11.3.1/../../../../arm-none-eabi/lib/thumb/v8-m.main+fp/hard\libc_nano.a
LOAD C:/ST/STM32CubeIDE_1.13.2/STM32CubeIDE/plugins/com.st.stm32cube.ide.mcu.externaltools.gnu-tools-for-stm32.11.3.rel1.win32_1.1.1.202309131626/tools/bin/../lib/gcc/arm-none-eabi/11.3.1/../../../../arm-none-eabi/lib/thumb/v8-m.main+fp/hard\libnosys.a
END GROUP
LOAD C:/ST/STM32CubeIDE_1.13.2/STM32CubeIDE/plugins/com.st.stm32cube.ide.mcu.externaltools.gnu-tools-for-stm32.11.3.rel1.win32_1.1.1.202309131626/tools/bin/../lib/gcc/arm-none-eabi/11.3.1/thumb/v8-m.main+fp/hard/crtend.o
LOAD C:/ST/STM32CubeIDE_1.13.2/STM32CubeIDE/plugins/com.st.stm32cube.ide.mcu.externaltools.gnu-tools-for-stm32.11.3.rel1.win32_1.1.1.202309131626/tools/bin/../lib/gcc/arm-none-eabi/11.3.1/thumb/v8-m.main+fp/hard/crtn.o
                0x00000000200a0000                _estack = (ORIGIN (RAM) + LENGTH (RAM))
                0x0000000000000200                _Min_Heap_Size = 0x200
                0x0000000000000400                _Min_Stack_Size = 0x400

.isr_vector     0x0000000008000000      0x24c
                0x0000000008000000                . = ALIGN (0x4)
 *(.isr_vector)
 .isr_vector    0x0000000008000000      0x24c ./Core/Startup/startup_stm32h563zitx.o
                0x0000000008000000                g_pfnVectors
                0x000000000800024c                . = ALIGN (0x4)

.text           0x0000000008000250    0x142c4
                0x0000000008000250                . = ALIGN (0x4)
 *(.text)
 .text          0x0000000008000250       0x40 C:/ST/STM32CubeIDE_1.13.2/STM32CubeIDE/plugins/com.st.stm32cube.ide.mcu.externaltools.gnu-tools-for-stm32.11.3.rel1.win32_1.1.1.202309131626/tools/bin/../lib/gcc/arm-none-eabi/11.3.1/thumb/v8-m.main+fp/hard/crtbegin.o
 .text          0x0000000008000290      0x378 C:/ST/STM32CubeIDE_1.13.2/STM32CubeIDE/plugins/com.st.stm32cube.ide.mcu.externaltools.gnu-tools-for-stm32.11.3.rel1.win32_1.1.1.202309131626/tools/bin/../lib/gcc/arm-none-eabi/11.3.1/thumb/v8-m.main+fp/hard\libgcc.a(_arm_addsubdf3.o)
                0x0000000008000290                __aeabi_drsub
                0x0000000008000298                __aeabi_dsub
                0x0000000008000298                __subdf3
                0x000000000800029c                __aeabi_dadd
                0x000000000800029c                __adddf3
                0x0000000008000514                __floatunsidf
                0x0000000008000514                __aeabi_ui2d
                0x0000000008000534                __floatsidf
                0x0000000008000534                __aeabi_i2d
                0x0000000008000558                __aeabi_f2d
                0x0000000008000558                __extendsfdf2
                0x000000000800059c                __floatundidf
                0x000000000800059c                __aeabi_ul2d
                0x00000000080005ac                __floatdidf
                0x00000000080005ac                __aeabi_l2d
 .text          0x0000000008000608      0x424 C:/ST/STM32CubeIDE_1.13.2/STM32CubeIDE/plugins/com.st.stm32cube.ide.mcu.externaltools.gnu-tools-for-stm32.11.3.rel1.win32_1.1.1.202309131626/tools/bin/../lib/gcc/arm-none-eabi/11.3.1/thumb/v8-m.main+fp/hard\libgcc.a(_arm_muldivdf3.o)
                0x0000000008000608                __aeabi_dmul
                0x0000000008000608                __muldf3
                0x000000000800085c                __divdf3
                0x000000000800085c                __aeabi_ddiv
 .text          0x0000000008000a2c      0x110 C:/ST/STM32CubeIDE_1.13.2/STM32CubeIDE/plugins/com.st.stm32cube.ide.mcu.externaltools.gnu-tools-for-stm32.11.3.rel1.win32_1.1.1.202309131626/tools/bin/../lib/gcc/arm-none-eabi/11.3.1/thumb/v8-m.main+fp/hard\libgcc.a(_arm_cmpdf2.o)
                0x0000000008000a2c                __gtdf2
                0x0000000008000a2c                __gedf2
                0x0000000008000a34                __ltdf2
                0x0000000008000a34                __ledf2
                0x0000000008000a3c                __nedf2
                0x0000000008000a3c                __eqdf2
                0x0000000008000a3c                __cmpdf2
                0x0000000008000ab8                __aeabi_cdrcmple
                0x0000000008000ac8                __aeabi_cdcmpeq
                0x0000000008000ac8                __aeabi_cdcmple
                0x0000000008000ad8                __aeabi_dcmpeq
                0x0000000008000aec                __aeabi_dcmplt
                0x0000000008000b00                __aeabi_dcmple
                0x0000000008000b14                __aeabi_dcmpge
                0x0000000008000b28                __aeabi_dcmpgt
 .text          0x0000000008000b3c       0x2c C:/ST/STM32CubeIDE_1.13.2/STM32CubeIDE/plugins/com.st.stm32cube.ide.mcu.externaltools.gnu-tools-for-stm32.11.3.rel1.win32_1.1.1.202309131626/tools/bin/../lib/gcc/arm-none-eabi/11.3.1/thumb/v8-m.main+fp/hard\libgcc.a(_arm_unorddf2.o)
                0x0000000008000b3c                __unorddf2
                0x0000000008000b3c                __aeabi_dcmpun
 .text          0x0000000008000b68       0x50 C:/ST/STM32CubeIDE_1.13.2/STM32CubeIDE/plugins/com.st.stm32cube.ide.mcu.externaltools.gnu-tools-for-stm32.11.3.rel1.win32_1.1.1.202309131626/tools/bin/../lib/gcc/arm-none-eabi/11.3.1/thumb/v8-m.main+fp/hard\libgcc.a(_arm_fixdfsi.o)
                0x0000000008000b68                __aeabi_d2iz
                0x0000000008000b68                __fixdfsi
 .text          0x0000000008000bb8       0xa0 C:/ST/STM32CubeIDE_1.13.2/STM32CubeIDE/plugins/com.st.stm32cube.ide.mcu.externaltools.gnu-tools-for-stm32.11.3.rel1.win32_1.1.1.202309131626/tools/bin/../lib/gcc/arm-none-eabi/11.3.1/thumb/v8-m.main+fp/hard\libgcc.a(_arm_truncdfsf2.o)
                0x0000000008000bb8                __truncdfsf2
                0x0000000008000bb8                __aeabi_d2f
 .text          0x0000000008000c58       0x30 C:/ST/STM32CubeIDE_1.13.2/STM32CubeIDE/plugins/com.st.stm32cube.ide.mcu.externaltools.gnu-tools-for-stm32.11.3.rel1.win32_1.1.1.202309131626/tools/bin/../lib/gcc/arm-none-eabi/11.3.1/thumb/v8-m.main+fp/hard\libgcc.a(_aeabi_uldivmod.o)
                0x0000000008000c58                __aeabi_uldivmod
 .text          0x0000000008000c88      0x2ec C:/ST/STM32CubeIDE_1.13.2/STM32CubeIDE/plugins/com.st.stm32cube.ide.mcu.externaltools.gnu-tools-for-stm32.11.3.rel1.win32_1.1.1.202309131626/tools/bin/../lib/gcc/arm-none-eabi/11.3.1/thumb/v8-m.main+fp/hard\libgcc.a(_udivmoddi4.o)
                0x0000000008000c88                __udivmoddi4
 .text          0x0000000008000f74        0x4 C:/ST/STM32CubeIDE_1.13.2/STM32CubeIDE/plugins/com.st.stm32cube.ide.mcu.externaltools.gnu-tools-for-stm32.11.3.rel1.win32_1.1.1.202309131626/tools/bin/../lib/gcc/arm-none-eabi/11.3.1/thumb/v8-m.main+fp/hard\libgcc.a(_dvmd_tls.o)
                0x0000000008000f74                __aeabi_idiv0
                0x0000000008000f74                __aeabi_ldiv0
 *(.text*)
 .text.main     0x0000000008000f78       0x32 ./Core/Src/main.o
                0x0000000008000f78                main
 *fill*         0x0000000008000faa        0x2 
 .text.SystemClock_Config
                0x0000000008000fac       0xdc ./Core/Src/main.o
                0x0000000008000fac                SystemClock_Config
 .text.MX_ADC1_Init
                0x0000000008001088      0x128 ./Core/Src/main.o
 .text.MX_CRC_Init
                0x00000000080011b0       0x44 ./Core/Src/main.o
 .text.MX_GPDMA1_Init
                0x00000000080011f4       0x40 ./Core/Src/main.o
 .text.MX_ICACHE_Init
                0x0000000008001234       0x26 ./Core/Src/main.o
 .text.MX_MEMORYMAP_Init
                0x000000000800125a        0xe ./Core/Src/main.o
 .text.MX_RTC_Init
                0x0000000008001268      0x104 ./Core/Src/main.o
 .text.MX_GPIO_Init
                0x000000000800136c       0xac ./Core/Src/main.o
 .text.Error_Handler
                0x0000000008001418        0xa ./Core/Src/main.o
                0x0000000008001418                Error_Handler
 .text.HAL_MspInit
                0x0000000008001422        0xe ./Core/Src/stm32h5xx_hal_msp.o
                0x0000000008001422                HAL_MspInit
 .text.HAL_ADC_MspInit
                0x0000000008001430      0x1b4 ./Core/Src/stm32h5xx_hal_msp.o
                0x0000000008001430                HAL_ADC_MspInit
 .text.HAL_CRC_MspInit
                0x00000000080015e4       0x44 ./Core/Src/stm32h5xx_hal_msp.o
                0x00000000080015e4                HAL_CRC_MspInit
 .text.HAL_RTC_MspInit
                0x0000000008001628       0xc0 ./Core/Src/stm32h5xx_hal_msp.o
                0x0000000008001628                HAL_RTC_MspInit
 .text.NMI_Handler
                0x00000000080016e8        0x6 ./Core/Src/stm32h5xx_it.o
                0x00000000080016e8                NMI_Handler
 .text.HardFault_Handler
                0x00000000080016ee        0x6 ./Core/Src/stm32h5xx_it.o
                0x00000000080016ee                HardFault_Handler
 .text.MemManage_Handler
                0x00000000080016f4        0x6 ./Core/Src/stm32h5xx_it.o
                0x00000000080016f4                MemManage_Handler
 .text.BusFault_Handler
                0x00000000080016fa        0x6 ./Core/Src/stm32h5xx_it.o
                0x00000000080016fa                BusFault_Handler
 .text.UsageFault_Handler
                0x0000000008001700        0x6 ./Core/Src/stm32h5xx_it.o
                0x0000000008001700                UsageFault_Handler
 .text.SVC_Handler
                0x0000000008001706        0xe ./Core/Src/stm32h5xx_it.o
                0x0000000008001706                SVC_Handler
 .text.DebugMon_Handler
                0x0000000008001714        0xe ./Core/Src/stm32h5xx_it.o
                0x0000000008001714                DebugMon_Handler
 .text.PendSV_Handler
                0x0000000008001722        0xe ./Core/Src/stm32h5xx_it.o
                0x0000000008001722                PendSV_Handler
 .text.SysTick_Handler
                0x0000000008001730        0xc ./Core/Src/stm32h5xx_it.o
                0x0000000008001730                SysTick_Handler
 .text.GPDMA1_Channel0_IRQHandler
                0x000000000800173c       0x14 ./Core/Src/stm32h5xx_it.o
                0x000000000800173c                GPDMA1_Channel0_IRQHandler
 .text.TIM3_IRQHandler
                0x0000000008001750       0x14 ./Core/Src/stm32h5xx_it.o
                0x0000000008001750                TIM3_IRQHandler
 .text.USART3_IRQHandler
                0x0000000008001764       0x14 ./Core/Src/stm32h5xx_it.o
                0x0000000008001764                USART3_IRQHandler
 .text.BSP_I2C1_Init
                0x0000000008001778       0x7c ./Core/Src/stm32h5xx_nucleo_bus.o
                0x0000000008001778                BSP_I2C1_Init
 .text.BSP_I2C1_DeInit
                0x00000000080017f4       0x50 ./Core/Src/stm32h5xx_nucleo_bus.o
                0x00000000080017f4                BSP_I2C1_DeInit
 .text.BSP_I2C1_WriteReg
                0x0000000008001844       0x64 ./Core/Src/stm32h5xx_nucleo_bus.o
                0x0000000008001844                BSP_I2C1_WriteReg
 .text.BSP_I2C1_ReadReg
                0x00000000080018a8       0x64 ./Core/Src/stm32h5xx_nucleo_bus.o
                0x00000000080018a8                BSP_I2C1_ReadReg
 .text.BSP_GetTick
                0x000000000800190c        0xe ./Core/Src/stm32h5xx_nucleo_bus.o
                0x000000000800190c                BSP_GetTick
 *fill*         0x000000000800191a        0x2 
 .text.MX_I2C1_Init
                0x000000000800191c       0x88 ./Core/Src/stm32h5xx_nucleo_bus.o
                0x000000000800191c                MX_I2C1_Init
 .text.I2C1_MspInit
                0x00000000080019a4      0x118 ./Core/Src/stm32h5xx_nucleo_bus.o
 .text.I2C1_MspDeInit
                0x0000000008001abc       0x3c ./Core/Src/stm32h5xx_nucleo_bus.o
 .text._read    0x0000000008001af8       0x3a ./Core/Src/syscalls.o
                0x0000000008001af8                _read
 .text._write   0x0000000008001b32       0x38 ./Core/Src/syscalls.o
                0x0000000008001b32                _write
 .text._close   0x0000000008001b6a       0x18 ./Core/Src/syscalls.o
                0x0000000008001b6a                _close
 .text._fstat   0x0000000008001b82       0x20 ./Core/Src/syscalls.o
                0x0000000008001b82                _fstat
 .text._isatty  0x0000000008001ba2       0x16 ./Core/Src/syscalls.o
                0x0000000008001ba2                _isatty
 .text._lseek   0x0000000008001bb8       0x1a ./Core/Src/syscalls.o
                0x0000000008001bb8                _lseek
 *fill*         0x0000000008001bd2        0x2 
 .text._sbrk    0x0000000008001bd4       0x6c ./Core/Src/sysmem.o
                0x0000000008001bd4                _sbrk
 .text.SystemInit
                0x0000000008001c40       0xf8 ./Core/Src/system_stm32h5xx.o
                0x0000000008001c40                SystemInit
 .text.Reset_Handler
                0x0000000008001d38       0x50 ./Core/Startup/startup_stm32h563zitx.o
                0x0000000008001d38                Reset_Handler
 .text.Default_Handler
                0x0000000008001d88        0x2 ./Core/Startup/startup_stm32h563zitx.o
                0x0000000008001d88                EXTI2_IRQHandler
                0x0000000008001d88                TIM8_TRG_COM_IRQHandler
                0x0000000008001d88                TIM8_CC_IRQHandler
                0x0000000008001d88                EXTI5_IRQHandler
                0x0000000008001d88                I3C1_ER_IRQHandler
                0x0000000008001d88                UART8_IRQHandler
                0x0000000008001d88                SPI4_IRQHandler
                0x0000000008001d88                GPDMA2_Channel1_IRQHandler
                0x0000000008001d88                FLASH_S_IRQHandler
                0x0000000008001d88                EXTI13_IRQHandler
                0x0000000008001d88                TIM1_CC_IRQHandler
                0x0000000008001d88                GPDMA2_Channel3_IRQHandler
                0x0000000008001d88                TAMP_IRQHandler
                0x0000000008001d88                TIM6_IRQHandler
                0x0000000008001d88                EXTI12_IRQHandler
                0x0000000008001d88                CORDIC_IRQHandler
                0x0000000008001d88                USB_DRD_FS_IRQHandler
                0x0000000008001d88                EXTI3_IRQHandler
                0x0000000008001d88                LPTIM4_IRQHandler
                0x0000000008001d88                GPDMA1_Channel5_IRQHandler
                0x0000000008001d88                EXTI8_IRQHandler
                0x0000000008001d88                GPDMA2_Channel5_IRQHandler
                0x0000000008001d88                LPTIM2_IRQHandler
                0x0000000008001d88                I2C3_ER_IRQHandler
                0x0000000008001d88                GPDMA2_Channel2_IRQHandler
                0x0000000008001d88                USART10_IRQHandler
                0x0000000008001d88                LPTIM3_IRQHandler
                0x0000000008001d88                EXTI0_IRQHandler
                0x0000000008001d88                I2C2_EV_IRQHandler
                0x0000000008001d88                FPU_IRQHandler
                0x0000000008001d88                GPDMA1_Channel3_IRQHandler
                0x0000000008001d88                GPDMA1_Channel7_IRQHandler
                0x0000000008001d88                FDCAN1_IT1_IRQHandler
                0x0000000008001d88                RAMCFG_IRQHandler
                0x0000000008001d88                DCACHE1_IRQHandler
                0x0000000008001d88                SPI1_IRQHandler
                0x0000000008001d88                OCTOSPI1_IRQHandler
                0x0000000008001d88                GPDMA1_Channel2_IRQHandler
                0x0000000008001d88                TIM8_UP_IRQHandler
                0x0000000008001d88                RCC_S_IRQHandler
                0x0000000008001d88                SAI2_IRQHandler
                0x0000000008001d88                ADC1_IRQHandler
                0x0000000008001d88                USART6_IRQHandler
                0x0000000008001d88                EXTI15_IRQHandler
                0x0000000008001d88                TIM17_IRQHandler
                0x0000000008001d88                RTC_IRQHandler
                0x0000000008001d88                EXTI9_IRQHandler
                0x0000000008001d88                LPTIM5_IRQHandler
                0x0000000008001d88                UART5_IRQHandler
                0x0000000008001d88                TIM4_IRQHandler
                0x0000000008001d88                I2C1_EV_IRQHandler
                0x0000000008001d88                GPDMA1_Channel1_IRQHandler
                0x0000000008001d88                TIM16_IRQHandler
                0x0000000008001d88                UART4_IRQHandler
                0x0000000008001d88                SecureFault_Handler
                0x0000000008001d88                RCC_IRQHandler
                0x0000000008001d88                UART9_IRQHandler
                0x0000000008001d88                TIM1_TRG_COM_IRQHandler
                0x0000000008001d88                Default_Handler
                0x0000000008001d88                FMAC_IRQHandler
                0x0000000008001d88                CEC_IRQHandler
                0x0000000008001d88                USART11_IRQHandler
                0x0000000008001d88                TIM14_IRQHandler
                0x0000000008001d88                TIM13_IRQHandler
                0x0000000008001d88                GPDMA2_Channel4_IRQHandler
                0x0000000008001d88                SPI5_IRQHandler
                0x0000000008001d88                TIM12_IRQHandler
                0x0000000008001d88                TIM7_IRQHandler
                0x0000000008001d88                SDMMC1_IRQHandler
                0x0000000008001d88                TIM5_IRQHandler
                0x0000000008001d88                UCPD1_IRQHandler
                0x0000000008001d88                I3C1_EV_IRQHandler
                0x0000000008001d88                TIM15_IRQHandler
                0x0000000008001d88                PVD_AVD_IRQHandler
                0x0000000008001d88                I2C3_EV_IRQHandler
                0x0000000008001d88                ETH_WKUP_IRQHandler
                0x0000000008001d88                ADC2_IRQHandler
                0x0000000008001d88                SPI2_IRQHandler
                0x0000000008001d88                EXTI14_IRQHandler
                0x0000000008001d88                EXTI11_IRQHandler
                0x0000000008001d88                CRS_IRQHandler
                0x0000000008001d88                EXTI4_IRQHandler
                0x0000000008001d88                GPDMA2_Channel0_IRQHandler
                0x0000000008001d88                RTC_S_IRQHandler
                0x0000000008001d88                RNG_IRQHandler
                0x0000000008001d88                FDCAN2_IT1_IRQHandler
                0x0000000008001d88                ETH_IRQHandler
                0x0000000008001d88                GPDMA2_Channel6_IRQHandler
                0x0000000008001d88                TIM1_UP_IRQHandler
                0x0000000008001d88                UART12_IRQHandler
                0x0000000008001d88                WWDG_IRQHandler
                0x0000000008001d88                SPI6_IRQHandler
                0x0000000008001d88                I2C4_EV_IRQHandler
                0x0000000008001d88                FDCAN2_IT0_IRQHandler
                0x0000000008001d88                IWDG_IRQHandler
                0x0000000008001d88                LPUART1_IRQHandler
                0x0000000008001d88                FDCAN1_IT0_IRQHandler
                0x0000000008001d88                TIM2_IRQHandler
                0x0000000008001d88                GPDMA1_Channel4_IRQHandler
                0x0000000008001d88                EXTI7_IRQHandler
                0x0000000008001d88                TIM1_BRK_IRQHandler
                0x0000000008001d88                EXTI1_IRQHandler
                0x0000000008001d88                SDMMC2_IRQHandler
                0x0000000008001d88                LPTIM6_IRQHandler
                0x0000000008001d88                DAC1_IRQHandler
                0x0000000008001d88                DTS_IRQHandler
                0x0000000008001d88                UART7_IRQHandler
                0x0000000008001d88                GTZC_IRQHandler
                0x0000000008001d88                USART2_IRQHandler
                0x0000000008001d88                GPDMA1_Channel6_IRQHandler
                0x0000000008001d88                GPDMA2_Channel7_IRQHandler
                0x0000000008001d88                I2C2_ER_IRQHandler
                0x0000000008001d88                TIM8_BRK_IRQHandler
                0x0000000008001d88                FLASH_IRQHandler
                0x0000000008001d88                USART1_IRQHandler
                0x0000000008001d88                EXTI10_IRQHandler
                0x0000000008001d88                SPI3_IRQHandler
                0x0000000008001d88                I2C1_ER_IRQHandler
                0x0000000008001d88                FMC_IRQHandler
                0x0000000008001d88                EXTI6_IRQHandler
                0x0000000008001d88                LPTIM1_IRQHandler
                0x0000000008001d88                DCMI_PSSI_IRQHandler
                0x0000000008001d88                I2C4_ER_IRQHandler
                0x0000000008001d88                ICACHE_IRQHandler
                0x0000000008001d88                SAI1_IRQHandler
                0x0000000008001d88                HASH_IRQHandler
 *fill*         0x0000000008001d8a        0x2 
 .text.IIS2DLPC_RegisterBusIO
                0x0000000008001d8c       0xd4 ./Drivers/BSP/Components/iis2dlpc/iis2dlpc.o
                0x0000000008001d8c                IIS2DLPC_RegisterBusIO
 .text.IIS2DLPC_Init
                0x0000000008001e60       0xc4 ./Drivers/BSP/Components/iis2dlpc/iis2dlpc.o
                0x0000000008001e60                IIS2DLPC_Init
 .text.IIS2DLPC_DeInit
                0x0000000008001f24       0x44 ./Drivers/BSP/Components/iis2dlpc/iis2dlpc.o
                0x0000000008001f24                IIS2DLPC_DeInit
 .text.IIS2DLPC_ReadID
                0x0000000008001f68       0x2c ./Drivers/BSP/Components/iis2dlpc/iis2dlpc.o
                0x0000000008001f68                IIS2DLPC_ReadID
 .text.IIS2DLPC_GetCapabilities
                0x0000000008001f94       0x5c ./Drivers/BSP/Components/iis2dlpc/iis2dlpc.o
                0x0000000008001f94                IIS2DLPC_GetCapabilities
 .text.IIS2DLPC_ACC_Enable
                0x0000000008001ff0       0x52 ./Drivers/BSP/Components/iis2dlpc/iis2dlpc.o
                0x0000000008001ff0                IIS2DLPC_ACC_Enable
 .text.IIS2DLPC_ACC_Disable
                0x0000000008002042       0x40 ./Drivers/BSP/Components/iis2dlpc/iis2dlpc.o
                0x0000000008002042                IIS2DLPC_ACC_Disable
 *fill*         0x0000000008002082        0x2 
 .text.IIS2DLPC_ACC_GetSensitivity
                0x0000000008002084      0x150 ./Drivers/BSP/Components/iis2dlpc/iis2dlpc.o
                0x0000000008002084                IIS2DLPC_ACC_GetSensitivity
 .text.IIS2DLPC_ACC_GetOutputDataRate
                0x00000000080021d4      0x2bc ./Drivers/BSP/Components/iis2dlpc/iis2dlpc.o
                0x00000000080021d4                IIS2DLPC_ACC_GetOutputDataRate
 .text.IIS2DLPC_ACC_SetOutputDataRate
                0x0000000008002490       0x24 ./Drivers/BSP/Components/iis2dlpc/iis2dlpc.o
                0x0000000008002490                IIS2DLPC_ACC_SetOutputDataRate
 .text.IIS2DLPC_ACC_SetOutputDataRate_With_Mode
                0x00000000080024b4       0x4c ./Drivers/BSP/Components/iis2dlpc/iis2dlpc.o
                0x00000000080024b4                IIS2DLPC_ACC_SetOutputDataRate_With_Mode
 .text.IIS2DLPC_ACC_GetFullScale
                0x0000000008002500       0x84 ./Drivers/BSP/Components/iis2dlpc/iis2dlpc.o
                0x0000000008002500                IIS2DLPC_ACC_GetFullScale
 .text.IIS2DLPC_ACC_SetFullScale
                0x0000000008002584       0x50 ./Drivers/BSP/Components/iis2dlpc/iis2dlpc.o
                0x0000000008002584                IIS2DLPC_ACC_SetFullScale
 .text.IIS2DLPC_ACC_GetAxesRaw
                0x00000000080025d4      0x104 ./Drivers/BSP/Components/iis2dlpc/iis2dlpc.o
                0x00000000080025d4                IIS2DLPC_ACC_GetAxesRaw
 .text.IIS2DLPC_ACC_GetAxes
                0x00000000080026d8       0xaa ./Drivers/BSP/Components/iis2dlpc/iis2dlpc.o
                0x00000000080026d8                IIS2DLPC_ACC_GetAxes
 .text.IIS2DLPC_Write_Reg
                0x0000000008002782       0x36 ./Drivers/BSP/Components/iis2dlpc/iis2dlpc.o
                0x0000000008002782                IIS2DLPC_Write_Reg
 .text.IIS2DLPC_ACC_SetOutputDataRate_When_Enabled
                0x00000000080027b8      0x238 ./Drivers/BSP/Components/iis2dlpc/iis2dlpc.o
 .text.IIS2DLPC_ACC_SetOutputDataRate_When_Disabled
                0x00000000080029f0      0x124 ./Drivers/BSP/Components/iis2dlpc/iis2dlpc.o
 .text.ReadRegWrap
                0x0000000008002b14       0x36 ./Drivers/BSP/Components/iis2dlpc/iis2dlpc.o
 .text.WriteRegWrap
                0x0000000008002b4a       0x36 ./Drivers/BSP/Components/iis2dlpc/iis2dlpc.o
 .text.iis2dlpc_read_reg
                0x0000000008002b80       0x30 ./Drivers/BSP/Components/iis2dlpc/iis2dlpc_reg.o
                0x0000000008002b80                iis2dlpc_read_reg
 .text.iis2dlpc_write_reg
                0x0000000008002bb0       0x30 ./Drivers/BSP/Components/iis2dlpc/iis2dlpc_reg.o
                0x0000000008002bb0                iis2dlpc_write_reg
 .text.iis2dlpc_power_mode_set
                0x0000000008002be0       0x9c ./Drivers/BSP/Components/iis2dlpc/iis2dlpc_reg.o
                0x0000000008002be0                iis2dlpc_power_mode_set
 .text.iis2dlpc_power_mode_get
                0x0000000008002c7c      0x174 ./Drivers/BSP/Components/iis2dlpc/iis2dlpc_reg.o
                0x0000000008002c7c                iis2dlpc_power_mode_get
 .text.iis2dlpc_data_rate_set
                0x0000000008002df0       0x8a ./Drivers/BSP/Components/iis2dlpc/iis2dlpc_reg.o
                0x0000000008002df0                iis2dlpc_data_rate_set
 *fill*         0x0000000008002e7a        0x2 
 .text.iis2dlpc_data_rate_get
                0x0000000008002e7c      0x150 ./Drivers/BSP/Components/iis2dlpc/iis2dlpc_reg.o
                0x0000000008002e7c                iis2dlpc_data_rate_get
 .text.iis2dlpc_block_data_update_set
                0x0000000008002fcc       0x4c ./Drivers/BSP/Components/iis2dlpc/iis2dlpc_reg.o
                0x0000000008002fcc                iis2dlpc_block_data_update_set
 .text.iis2dlpc_full_scale_set
                0x0000000008003018       0x4c ./Drivers/BSP/Components/iis2dlpc/iis2dlpc_reg.o
                0x0000000008003018                iis2dlpc_full_scale_set
 .text.iis2dlpc_full_scale_get
                0x0000000008003064       0x70 ./Drivers/BSP/Components/iis2dlpc/iis2dlpc_reg.o
                0x0000000008003064                iis2dlpc_full_scale_get
 .text.iis2dlpc_acceleration_raw_get
                0x00000000080030d4       0x96 ./Drivers/BSP/Components/iis2dlpc/iis2dlpc_reg.o
                0x00000000080030d4                iis2dlpc_acceleration_raw_get
 .text.iis2dlpc_device_id_get
                0x000000000800316a       0x22 ./Drivers/BSP/Components/iis2dlpc/iis2dlpc_reg.o
                0x000000000800316a                iis2dlpc_device_id_get
 .text.iis2dlpc_auto_increment_set
                0x000000000800318c       0x4c ./Drivers/BSP/Components/iis2dlpc/iis2dlpc_reg.o
                0x000000000800318c                iis2dlpc_auto_increment_set
 .text.iis2dlpc_fifo_mode_set
                0x00000000080031d8       0x4c ./Drivers/BSP/Components/iis2dlpc/iis2dlpc_reg.o
                0x00000000080031d8                iis2dlpc_fifo_mode_set
 .text.IIS2MDC_RegisterBusIO
                0x0000000008003224       0xd0 ./Drivers/BSP/Components/iis2mdc/iis2mdc.o
                0x0000000008003224                IIS2MDC_RegisterBusIO
 .text.IIS2MDC_Init
                0x00000000080032f4       0x7a ./Drivers/BSP/Components/iis2mdc/iis2mdc.o
                0x00000000080032f4                IIS2MDC_Init
 .text.IIS2MDC_DeInit
                0x000000000800336e       0x2c ./Drivers/BSP/Components/iis2mdc/iis2mdc.o
                0x000000000800336e                IIS2MDC_DeInit
 .text.IIS2MDC_ReadID
                0x000000000800339a       0x2c ./Drivers/BSP/Components/iis2mdc/iis2mdc.o
                0x000000000800339a                IIS2MDC_ReadID
 *fill*         0x00000000080033c6        0x2 
 .text.IIS2MDC_GetCapabilities
                0x00000000080033c8       0x5c ./Drivers/BSP/Components/iis2mdc/iis2mdc.o
                0x00000000080033c8                IIS2MDC_GetCapabilities
 .text.IIS2MDC_MAG_Enable
                0x0000000008003424       0x40 ./Drivers/BSP/Components/iis2mdc/iis2mdc.o
                0x0000000008003424                IIS2MDC_MAG_Enable
 .text.IIS2MDC_MAG_Disable
                0x0000000008003464       0x40 ./Drivers/BSP/Components/iis2mdc/iis2mdc.o
                0x0000000008003464                IIS2MDC_MAG_Disable
 .text.IIS2MDC_MAG_GetSensitivity
                0x00000000080034a4       0x20 ./Drivers/BSP/Components/iis2mdc/iis2mdc.o
                0x00000000080034a4                IIS2MDC_MAG_GetSensitivity
 .text.IIS2MDC_MAG_GetOutputDataRate
                0x00000000080034c4       0x8c ./Drivers/BSP/Components/iis2mdc/iis2mdc.o
                0x00000000080034c4                IIS2MDC_MAG_GetOutputDataRate
 .text.IIS2MDC_MAG_SetOutputDataRate
                0x0000000008003550       0x7c ./Drivers/BSP/Components/iis2mdc/iis2mdc.o
                0x0000000008003550                IIS2MDC_MAG_SetOutputDataRate
 .text.IIS2MDC_MAG_GetFullScale
                0x00000000080035cc       0x1e ./Drivers/BSP/Components/iis2mdc/iis2mdc.o
                0x00000000080035cc                IIS2MDC_MAG_GetFullScale
 .text.IIS2MDC_MAG_SetFullScale
                0x00000000080035ea       0x18 ./Drivers/BSP/Components/iis2mdc/iis2mdc.o
                0x00000000080035ea                IIS2MDC_MAG_SetFullScale
 .text.IIS2MDC_MAG_GetAxesRaw
                0x0000000008003602       0x48 ./Drivers/BSP/Components/iis2mdc/iis2mdc.o
                0x0000000008003602                IIS2MDC_MAG_GetAxesRaw
 .text.IIS2MDC_MAG_GetAxes
                0x000000000800364a       0x9c ./Drivers/BSP/Components/iis2mdc/iis2mdc.o
                0x000000000800364a                IIS2MDC_MAG_GetAxes
 .text.ReadMagRegWrap
                0x00000000080036e6       0x62 ./Drivers/BSP/Components/iis2mdc/iis2mdc.o
 .text.WriteMagRegWrap
                0x0000000008003748       0x62 ./Drivers/BSP/Components/iis2mdc/iis2mdc.o
 .text.iis2mdc_read_reg
                0x00000000080037aa       0x30 ./Drivers/BSP/Components/iis2mdc/iis2mdc_reg.o
                0x00000000080037aa                iis2mdc_read_reg
 .text.iis2mdc_write_reg
                0x00000000080037da       0x30 ./Drivers/BSP/Components/iis2mdc/iis2mdc_reg.o
                0x00000000080037da                iis2mdc_write_reg
 .text.iis2mdc_operating_mode_set
                0x000000000800380a       0x4c ./Drivers/BSP/Components/iis2mdc/iis2mdc_reg.o
                0x000000000800380a                iis2mdc_operating_mode_set
 .text.iis2mdc_data_rate_set
                0x0000000008003856       0x4c ./Drivers/BSP/Components/iis2mdc/iis2mdc_reg.o
                0x0000000008003856                iis2mdc_data_rate_set
 *fill*         0x00000000080038a2        0x2 
 .text.iis2mdc_data_rate_get
                0x00000000080038a4       0x70 ./Drivers/BSP/Components/iis2mdc/iis2mdc_reg.o
                0x00000000080038a4                iis2mdc_data_rate_get
 .text.iis2mdc_block_data_update_set
                0x0000000008003914       0x4c ./Drivers/BSP/Components/iis2mdc/iis2mdc_reg.o
                0x0000000008003914                iis2mdc_block_data_update_set
 .text.iis2mdc_magnetic_raw_get
                0x0000000008003960       0x96 ./Drivers/BSP/Components/iis2mdc/iis2mdc_reg.o
                0x0000000008003960                iis2mdc_magnetic_raw_get
 .text.iis2mdc_device_id_get
                0x00000000080039f6       0x22 ./Drivers/BSP/Components/iis2mdc/iis2mdc_reg.o
                0x00000000080039f6                iis2mdc_device_id_get
 .text.iis2mdc_self_test_set
                0x0000000008003a18       0x4c ./Drivers/BSP/Components/iis2mdc/iis2mdc_reg.o
                0x0000000008003a18                iis2mdc_self_test_set
 .text.iis2mdc_i2c_interface_set
                0x0000000008003a64       0x4c ./Drivers/BSP/Components/iis2mdc/iis2mdc_reg.o
                0x0000000008003a64                iis2mdc_i2c_interface_set
 .text.ISM330DHCX_RegisterBusIO
                0x0000000008003ab0       0xd4 ./Drivers/BSP/Components/ism330dhcx/ism330dhcx.o
                0x0000000008003ab0                ISM330DHCX_RegisterBusIO
 .text.ISM330DHCX_Init
                0x0000000008003b84      0x11a ./Drivers/BSP/Components/ism330dhcx/ism330dhcx.o
                0x0000000008003b84                ISM330DHCX_Init
 .text.ISM330DHCX_DeInit
                0x0000000008003c9e       0x4e ./Drivers/BSP/Components/ism330dhcx/ism330dhcx.o
                0x0000000008003c9e                ISM330DHCX_DeInit
 .text.ISM330DHCX_ReadID
                0x0000000008003cec       0x2c ./Drivers/BSP/Components/ism330dhcx/ism330dhcx.o
                0x0000000008003cec                ISM330DHCX_ReadID
 .text.ISM330DHCX_GetCapabilities
                0x0000000008003d18       0x5c ./Drivers/BSP/Components/ism330dhcx/ism330dhcx.o
                0x0000000008003d18                ISM330DHCX_GetCapabilities
 .text.ISM330DHCX_ACC_Enable
                0x0000000008003d74       0x48 ./Drivers/BSP/Components/ism330dhcx/ism330dhcx.o
                0x0000000008003d74                ISM330DHCX_ACC_Enable
 .text.ISM330DHCX_ACC_Disable
                0x0000000008003dbc       0x5e ./Drivers/BSP/Components/ism330dhcx/ism330dhcx.o
                0x0000000008003dbc                ISM330DHCX_ACC_Disable
 *fill*         0x0000000008003e1a        0x2 
 .text.ISM330DHCX_ACC_GetSensitivity
                0x0000000008003e1c       0x8c ./Drivers/BSP/Components/ism330dhcx/ism330dhcx.o
                0x0000000008003e1c                ISM330DHCX_ACC_GetSensitivity
 .text.ISM330DHCX_ACC_GetOutputDataRate
                0x0000000008003ea8       0xf8 ./Drivers/BSP/Components/ism330dhcx/ism330dhcx.o
                0x0000000008003ea8                ISM330DHCX_ACC_GetOutputDataRate
 .text.ISM330DHCX_ACC_SetOutputDataRate
                0x0000000008003fa0       0x38 ./Drivers/BSP/Components/ism330dhcx/ism330dhcx.o
                0x0000000008003fa0                ISM330DHCX_ACC_SetOutputDataRate
 .text.ISM330DHCX_ACC_GetFullScale
                0x0000000008003fd8       0x7c ./Drivers/BSP/Components/ism330dhcx/ism330dhcx.o
                0x0000000008003fd8                ISM330DHCX_ACC_GetFullScale
 .text.ISM330DHCX_ACC_SetFullScale
                0x0000000008004054       0x50 ./Drivers/BSP/Components/ism330dhcx/ism330dhcx.o
                0x0000000008004054                ISM330DHCX_ACC_SetFullScale
 .text.ISM330DHCX_ACC_GetAxesRaw
                0x00000000080040a4       0x48 ./Drivers/BSP/Components/ism330dhcx/ism330dhcx.o
                0x00000000080040a4                ISM330DHCX_ACC_GetAxesRaw
 .text.ISM330DHCX_ACC_GetAxes
                0x00000000080040ec       0xae ./Drivers/BSP/Components/ism330dhcx/ism330dhcx.o
                0x00000000080040ec                ISM330DHCX_ACC_GetAxes
 .text.ISM330DHCX_GYRO_Enable
                0x000000000800419a       0x48 ./Drivers/BSP/Components/ism330dhcx/ism330dhcx.o
                0x000000000800419a                ISM330DHCX_GYRO_Enable
 .text.ISM330DHCX_GYRO_Disable
                0x00000000080041e2       0x5e ./Drivers/BSP/Components/ism330dhcx/ism330dhcx.o
                0x00000000080041e2                ISM330DHCX_GYRO_Disable
 .text.ISM330DHCX_GYRO_GetSensitivity
                0x0000000008004240       0xc8 ./Drivers/BSP/Components/ism330dhcx/ism330dhcx.o
                0x0000000008004240                ISM330DHCX_GYRO_GetSensitivity
 .text.ISM330DHCX_GYRO_GetOutputDataRate
                0x0000000008004308       0xf8 ./Drivers/BSP/Components/ism330dhcx/ism330dhcx.o
                0x0000000008004308                ISM330DHCX_GYRO_GetOutputDataRate
 .text.ISM330DHCX_GYRO_SetOutputDataRate
                0x0000000008004400       0x38 ./Drivers/BSP/Components/ism330dhcx/ism330dhcx.o
                0x0000000008004400                ISM330DHCX_GYRO_SetOutputDataRate
 .text.ISM330DHCX_GYRO_GetFullScale
                0x0000000008004438       0xb8 ./Drivers/BSP/Components/ism330dhcx/ism330dhcx.o
                0x0000000008004438                ISM330DHCX_GYRO_GetFullScale
 .text.ISM330DHCX_GYRO_SetFullScale
                0x00000000080044f0       0x6a ./Drivers/BSP/Components/ism330dhcx/ism330dhcx.o
                0x00000000080044f0                ISM330DHCX_GYRO_SetFullScale
 .text.ISM330DHCX_GYRO_GetAxesRaw
                0x000000000800455a       0x48 ./Drivers/BSP/Components/ism330dhcx/ism330dhcx.o
                0x000000000800455a                ISM330DHCX_GYRO_GetAxesRaw
 .text.ISM330DHCX_GYRO_GetAxes
                0x00000000080045a2       0xa8 ./Drivers/BSP/Components/ism330dhcx/ism330dhcx.o
                0x00000000080045a2                ISM330DHCX_GYRO_GetAxes
 .text.ISM330DHCX_Write_Reg
                0x000000000800464a       0x36 ./Drivers/BSP/Components/ism330dhcx/ism330dhcx.o
                0x000000000800464a                ISM330DHCX_Write_Reg
 .text.ISM330DHCX_ACC_SetOutputDataRate_When_Enabled
                0x0000000008004680      0x118 ./Drivers/BSP/Components/ism330dhcx/ism330dhcx.o
 .text.ISM330DHCX_ACC_SetOutputDataRate_When_Disabled
                0x0000000008004798      0x104 ./Drivers/BSP/Components/ism330dhcx/ism330dhcx.o
 .text.ISM330DHCX_GYRO_SetOutputDataRate_When_Enabled
                0x000000000800489c      0x118 ./Drivers/BSP/Components/ism330dhcx/ism330dhcx.o
 .text.ISM330DHCX_GYRO_SetOutputDataRate_When_Disabled
                0x00000000080049b4      0x104 ./Drivers/BSP/Components/ism330dhcx/ism330dhcx.o
 .text.ReadRegWrap
                0x0000000008004ab8       0x36 ./Drivers/BSP/Components/ism330dhcx/ism330dhcx.o
 .text.WriteRegWrap
                0x0000000008004aee       0x36 ./Drivers/BSP/Components/ism330dhcx/ism330dhcx.o
 .text.ism330dhcx_read_reg
                0x0000000008004b24       0x30 ./Drivers/BSP/Components/ism330dhcx/ism330dhcx_reg.o
                0x0000000008004b24                ism330dhcx_read_reg
 .text.ism330dhcx_write_reg
                0x0000000008004b54       0x30 ./Drivers/BSP/Components/ism330dhcx/ism330dhcx_reg.o
                0x0000000008004b54                ism330dhcx_write_reg
 .text.ism330dhcx_xl_full_scale_set
                0x0000000008004b84       0x4c ./Drivers/BSP/Components/ism330dhcx/ism330dhcx_reg.o
                0x0000000008004b84                ism330dhcx_xl_full_scale_set
 .text.ism330dhcx_xl_full_scale_get
                0x0000000008004bd0       0x70 ./Drivers/BSP/Components/ism330dhcx/ism330dhcx_reg.o
                0x0000000008004bd0                ism330dhcx_xl_full_scale_get
 .text.ism330dhcx_xl_data_rate_set
                0x0000000008004c40      0x2d8 ./Drivers/BSP/Components/ism330dhcx/ism330dhcx_reg.o
                0x0000000008004c40                ism330dhcx_xl_data_rate_set
 .text.ism330dhcx_xl_data_rate_get
                0x0000000008004f18       0xd0 ./Drivers/BSP/Components/ism330dhcx/ism330dhcx_reg.o
                0x0000000008004f18                ism330dhcx_xl_data_rate_get
 .text.ism330dhcx_gy_full_scale_set
                0x0000000008004fe8       0x4c ./Drivers/BSP/Components/ism330dhcx/ism330dhcx_reg.o
                0x0000000008004fe8                ism330dhcx_gy_full_scale_set
 .text.ism330dhcx_gy_full_scale_get
                0x0000000008005034       0xa4 ./Drivers/BSP/Components/ism330dhcx/ism330dhcx_reg.o
                0x0000000008005034                ism330dhcx_gy_full_scale_get
 .text.ism330dhcx_gy_data_rate_set
                0x00000000080050d8      0x2d8 ./Drivers/BSP/Components/ism330dhcx/ism330dhcx_reg.o
                0x00000000080050d8                ism330dhcx_gy_data_rate_set
 .text.ism330dhcx_gy_data_rate_get
                0x00000000080053b0       0xc4 ./Drivers/BSP/Components/ism330dhcx/ism330dhcx_reg.o
                0x00000000080053b0                ism330dhcx_gy_data_rate_get
 .text.ism330dhcx_block_data_update_set
                0x0000000008005474       0x4c ./Drivers/BSP/Components/ism330dhcx/ism330dhcx_reg.o
                0x0000000008005474                ism330dhcx_block_data_update_set
 .text.ism330dhcx_angular_rate_raw_get
                0x00000000080054c0       0x96 ./Drivers/BSP/Components/ism330dhcx/ism330dhcx_reg.o
                0x00000000080054c0                ism330dhcx_angular_rate_raw_get
 .text.ism330dhcx_acceleration_raw_get
                0x0000000008005556       0x96 ./Drivers/BSP/Components/ism330dhcx/ism330dhcx_reg.o
                0x0000000008005556                ism330dhcx_acceleration_raw_get
 .text.ism330dhcx_device_conf_set
                0x00000000080055ec       0x4c ./Drivers/BSP/Components/ism330dhcx/ism330dhcx_reg.o
                0x00000000080055ec                ism330dhcx_device_conf_set
 .text.ism330dhcx_mem_bank_set
                0x0000000008005638       0x4c ./Drivers/BSP/Components/ism330dhcx/ism330dhcx_reg.o
                0x0000000008005638                ism330dhcx_mem_bank_set
 .text.ism330dhcx_device_id_get
                0x0000000008005684       0x22 ./Drivers/BSP/Components/ism330dhcx/ism330dhcx_reg.o
                0x0000000008005684                ism330dhcx_device_id_get
 .text.ism330dhcx_reset_set
                0x00000000080056a6       0x4c ./Drivers/BSP/Components/ism330dhcx/ism330dhcx_reg.o
                0x00000000080056a6                ism330dhcx_reset_set
 .text.ism330dhcx_auto_increment_set
                0x00000000080056f2       0x4c ./Drivers/BSP/Components/ism330dhcx/ism330dhcx_reg.o
                0x00000000080056f2                ism330dhcx_auto_increment_set
 .text.ism330dhcx_fifo_mode_set
                0x000000000800573e       0x4c ./Drivers/BSP/Components/ism330dhcx/ism330dhcx_reg.o
                0x000000000800573e                ism330dhcx_fifo_mode_set
 .text.ism330dhcx_fsm_enable_get
                0x000000000800578a       0x58 ./Drivers/BSP/Components/ism330dhcx/ism330dhcx_reg.o
                0x000000000800578a                ism330dhcx_fsm_enable_get
 *fill*         0x00000000080057e2        0x2 
 .text.ism330dhcx_fsm_data_rate_get
                0x00000000080057e4       0x90 ./Drivers/BSP/Components/ism330dhcx/ism330dhcx_reg.o
                0x00000000080057e4                ism330dhcx_fsm_data_rate_get
 .text.ism330dhcx_mlc_get
                0x0000000008005874       0x52 ./Drivers/BSP/Components/ism330dhcx/ism330dhcx_reg.o
                0x0000000008005874                ism330dhcx_mlc_get
 *fill*         0x00000000080058c6        0x2 
 .text.ism330dhcx_mlc_data_rate_get
                0x00000000080058c8       0x90 ./Drivers/BSP/Components/ism330dhcx/ism330dhcx_reg.o
                0x00000000080058c8                ism330dhcx_mlc_data_rate_get
 .text.IKS02A1_MOTION_SENSOR_Init
                0x0000000008005958      0x1f8 ./Drivers/BSP/IKS02A1/iks02a1_motion_sensors.o
                0x0000000008005958                IKS02A1_MOTION_SENSOR_Init
 .text.IKS02A1_MOTION_SENSOR_GetCapabilities
                0x0000000008005b50       0x54 ./Drivers/BSP/IKS02A1/iks02a1_motion_sensors.o
                0x0000000008005b50                IKS02A1_MOTION_SENSOR_GetCapabilities
 .text.IKS02A1_MOTION_SENSOR_ReadID
                0x0000000008005ba4       0x54 ./Drivers/BSP/IKS02A1/iks02a1_motion_sensors.o
                0x0000000008005ba4                IKS02A1_MOTION_SENSOR_ReadID
 .text.IKS02A1_MOTION_SENSOR_GetAxes
                0x0000000008005bf8       0x88 ./Drivers/BSP/IKS02A1/iks02a1_motion_sensors.o
                0x0000000008005bf8                IKS02A1_MOTION_SENSOR_GetAxes
 .text.IKS02A1_MOTION_SENSOR_GetOutputDataRate
                0x0000000008005c80       0x88 ./Drivers/BSP/IKS02A1/iks02a1_motion_sensors.o
                0x0000000008005c80                IKS02A1_MOTION_SENSOR_GetOutputDataRate
 .text.IKS02A1_MOTION_SENSOR_GetFullScale
                0x0000000008005d08       0x88 ./Drivers/BSP/IKS02A1/iks02a1_motion_sensors.o
                0x0000000008005d08                IKS02A1_MOTION_SENSOR_GetFullScale
 .text.ISM330DHCX_0_Probe
                0x0000000008005d90      0x180 ./Drivers/BSP/IKS02A1/iks02a1_motion_sensors.o
 .text.IIS2DLPC_0_Probe
                0x0000000008005f10      0x158 ./Drivers/BSP/IKS02A1/iks02a1_motion_sensors.o
 .text.IIS2MDC_0_Probe
                0x0000000008006068      0x158 ./Drivers/BSP/IKS02A1/iks02a1_motion_sensors.o
 .text.BSP_LED_Init
                0x00000000080061c0       0x24 ./Drivers/BSP/STM32H5xx_Nucleo/stm32h5xx_nucleo.o
                0x00000000080061c0                BSP_LED_Init
 .text.LED_USER_GPIO_Init
                0x00000000080061e4       0x88 ./Drivers/BSP/STM32H5xx_Nucleo/stm32h5xx_nucleo.o
 .text.BSP_PB_Init
                0x000000000800626c       0xb4 ./Drivers/BSP/STM32H5xx_Nucleo/stm32h5xx_nucleo.o
                0x000000000800626c                BSP_PB_Init
 .text.BSP_PB_GetState
                0x0000000008006320       0x38 ./Drivers/BSP/STM32H5xx_Nucleo/stm32h5xx_nucleo.o
                0x0000000008006320                BSP_PB_GetState
 .text.BUTTON_USER_EXTI_Callback
                0x0000000008006358        0xe ./Drivers/BSP/STM32H5xx_Nucleo/stm32h5xx_nucleo.o
 *fill*         0x0000000008006366        0x2 
 .text.BUTTON_USER_GPIO_Init
                0x0000000008006368       0x80 ./Drivers/BSP/STM32H5xx_Nucleo/stm32h5xx_nucleo.o
 .text.BSP_COM_Init
                0x00000000080063e8       0x74 ./Drivers/BSP/STM32H5xx_Nucleo/stm32h5xx_nucleo.o
                0x00000000080063e8                BSP_COM_Init
 .text.MX_USART3_UART_Init
                0x000000000800645c       0xa4 ./Drivers/BSP/STM32H5xx_Nucleo/stm32h5xx_nucleo.o
                0x000000000800645c                MX_USART3_UART_Init
 .text.__io_putchar
                0x0000000008006500       0x38 ./Drivers/BSP/STM32H5xx_Nucleo/stm32h5xx_nucleo.o
                0x0000000008006500                __io_putchar
 .text.USART3_MspInit
                0x0000000008006538      0x26c ./Drivers/BSP/STM32H5xx_Nucleo/stm32h5xx_nucleo.o
 .text.HAL_Init
                0x00000000080067a4       0x4c ./Drivers/STM32H5xx_HAL_Driver/Src/stm32h5xx_hal.o
                0x00000000080067a4                HAL_Init
 .text.HAL_InitTick
                0x00000000080067f0       0x6c ./Drivers/STM32H5xx_HAL_Driver/Src/stm32h5xx_hal.o
                0x00000000080067f0                HAL_InitTick
 .text.HAL_IncTick
                0x000000000800685c       0x28 ./Drivers/STM32H5xx_HAL_Driver/Src/stm32h5xx_hal.o
                0x000000000800685c                HAL_IncTick
 .text.HAL_GetTick
                0x0000000008006884       0x18 ./Drivers/STM32H5xx_HAL_Driver/Src/stm32h5xx_hal.o
                0x0000000008006884                HAL_GetTick
 .text.HAL_Delay
                0x000000000800689c       0x48 ./Drivers/STM32H5xx_HAL_Driver/Src/stm32h5xx_hal.o
                0x000000000800689c                HAL_Delay
 .text.LL_ADC_SetCommonClock
                0x00000000080068e4       0x26 ./Drivers/STM32H5xx_HAL_Driver/Src/stm32h5xx_hal_adc.o
 .text.LL_ADC_SetCommonPathInternalCh
                0x000000000800690a       0x26 ./Drivers/STM32H5xx_HAL_Driver/Src/stm32h5xx_hal_adc.o
 .text.LL_ADC_GetCommonPathInternalCh
                0x0000000008006930       0x1c ./Drivers/STM32H5xx_HAL_Driver/Src/stm32h5xx_hal_adc.o
 .text.LL_ADC_EnableChannelVDDcore
                0x000000000800694c       0x24 ./Drivers/STM32H5xx_HAL_Driver/Src/stm32h5xx_hal_adc.o
 .text.LL_ADC_EnableChannel0_GPIO
                0x0000000008006970       0x28 ./Drivers/STM32H5xx_HAL_Driver/Src/stm32h5xx_hal_adc.o
 .text.LL_ADC_SetOffset
                0x0000000008006998       0x48 ./Drivers/STM32H5xx_HAL_Driver/Src/stm32h5xx_hal_adc.o
 .text.LL_ADC_GetOffsetChannel
                0x00000000080069e0       0x2c ./Drivers/STM32H5xx_HAL_Driver/Src/stm32h5xx_hal_adc.o
 .text.LL_ADC_SetOffsetState
                0x0000000008006a0c       0x36 ./Drivers/STM32H5xx_HAL_Driver/Src/stm32h5xx_hal_adc.o
 .text.LL_ADC_SetOffsetSign
                0x0000000008006a42       0x36 ./Drivers/STM32H5xx_HAL_Driver/Src/stm32h5xx_hal_adc.o
 .text.LL_ADC_SetOffsetSaturation
                0x0000000008006a78       0x36 ./Drivers/STM32H5xx_HAL_Driver/Src/stm32h5xx_hal_adc.o
 .text.LL_ADC_SetSamplingTimeCommonConfig
                0x0000000008006aae       0x26 ./Drivers/STM32H5xx_HAL_Driver/Src/stm32h5xx_hal_adc.o
 .text.LL_ADC_REG_SetSequencerRanks
                0x0000000008006ad4       0x58 ./Drivers/STM32H5xx_HAL_Driver/Src/stm32h5xx_hal_adc.o
 .text.LL_ADC_SetChannelSamplingTime
                0x0000000008006b2c       0x56 ./Drivers/STM32H5xx_HAL_Driver/Src/stm32h5xx_hal_adc.o
 *fill*         0x0000000008006b82        0x2 
 .text.LL_ADC_SetChannelSingleDiff
                0x0000000008006b84       0x48 ./Drivers/STM32H5xx_HAL_Driver/Src/stm32h5xx_hal_adc.o
 .text.LL_ADC_DisableDeepPowerDown
                0x0000000008006bcc       0x24 ./Drivers/STM32H5xx_HAL_Driver/Src/stm32h5xx_hal_adc.o
 .text.LL_ADC_IsDeepPowerDownEnabled
                0x0000000008006bf0       0x28 ./Drivers/STM32H5xx_HAL_Driver/Src/stm32h5xx_hal_adc.o
 .text.LL_ADC_EnableInternalRegulator
                0x0000000008006c18       0x28 ./Drivers/STM32H5xx_HAL_Driver/Src/stm32h5xx_hal_adc.o
 .text.LL_ADC_IsInternalRegulatorEnabled
                0x0000000008006c40       0x28 ./Drivers/STM32H5xx_HAL_Driver/Src/stm32h5xx_hal_adc.o
 .text.LL_ADC_IsEnabled
                0x0000000008006c68       0x26 ./Drivers/STM32H5xx_HAL_Driver/Src/stm32h5xx_hal_adc.o
 .text.LL_ADC_REG_IsConversionOngoing
                0x0000000008006c8e       0x26 ./Drivers/STM32H5xx_HAL_Driver/Src/stm32h5xx_hal_adc.o
 .text.LL_ADC_INJ_IsConversionOngoing
                0x0000000008006cb4       0x26 ./Drivers/STM32H5xx_HAL_Driver/Src/stm32h5xx_hal_adc.o
 *fill*         0x0000000008006cda        0x2 
 .text.HAL_ADC_Init
                0x0000000008006cdc      0x2a8 ./Drivers/STM32H5xx_HAL_Driver/Src/stm32h5xx_hal_adc.o
                0x0000000008006cdc                HAL_ADC_Init
 .text.HAL_ADC_ConfigChannel
                0x0000000008006f84      0x804 ./Drivers/STM32H5xx_HAL_Driver/Src/stm32h5xx_hal_adc.o
                0x0000000008006f84                HAL_ADC_ConfigChannel
 .text.__NVIC_SetPriorityGrouping
                0x0000000008007788       0x48 ./Drivers/STM32H5xx_HAL_Driver/Src/stm32h5xx_hal_cortex.o
 .text.__NVIC_GetPriorityGrouping
                0x00000000080077d0       0x1c ./Drivers/STM32H5xx_HAL_Driver/Src/stm32h5xx_hal_cortex.o
 .text.__NVIC_EnableIRQ
                0x00000000080077ec       0x3c ./Drivers/STM32H5xx_HAL_Driver/Src/stm32h5xx_hal_cortex.o
 .text.__NVIC_SetPriority
                0x0000000008007828       0x54 ./Drivers/STM32H5xx_HAL_Driver/Src/stm32h5xx_hal_cortex.o
 .text.NVIC_EncodePriority
                0x000000000800787c       0x66 ./Drivers/STM32H5xx_HAL_Driver/Src/stm32h5xx_hal_cortex.o
 *fill*         0x00000000080078e2        0x2 
 .text.SysTick_Config
                0x00000000080078e4       0x44 ./Drivers/STM32H5xx_HAL_Driver/Src/stm32h5xx_hal_cortex.o
 .text.HAL_NVIC_SetPriorityGrouping
                0x0000000008007928       0x16 ./Drivers/STM32H5xx_HAL_Driver/Src/stm32h5xx_hal_cortex.o
                0x0000000008007928                HAL_NVIC_SetPriorityGrouping
 .text.HAL_NVIC_SetPriority
                0x000000000800793e       0x34 ./Drivers/STM32H5xx_HAL_Driver/Src/stm32h5xx_hal_cortex.o
                0x000000000800793e                HAL_NVIC_SetPriority
 .text.HAL_NVIC_EnableIRQ
                0x0000000008007972       0x1c ./Drivers/STM32H5xx_HAL_Driver/Src/stm32h5xx_hal_cortex.o
                0x0000000008007972                HAL_NVIC_EnableIRQ
 .text.HAL_SYSTICK_Config
                0x000000000800798e       0x18 ./Drivers/STM32H5xx_HAL_Driver/Src/stm32h5xx_hal_cortex.o
                0x000000000800798e                HAL_SYSTICK_Config
 *fill*         0x00000000080079a6        0x2 
 .text.HAL_CRC_Init
                0x00000000080079a8       0xc8 ./Drivers/STM32H5xx_HAL_Driver/Src/stm32h5xx_hal_crc.o
                0x00000000080079a8                HAL_CRC_Init
 .text.HAL_CRCEx_Polynomial_Set
                0x0000000008007a70      0x11c ./Drivers/STM32H5xx_HAL_Driver/Src/stm32h5xx_hal_crc_ex.o
                0x0000000008007a70                HAL_CRCEx_Polynomial_Set
 .text.HAL_DMA_Abort
                0x0000000008007b8c       0xf8 ./Drivers/STM32H5xx_HAL_Driver/Src/stm32h5xx_hal_dma.o
                0x0000000008007b8c                HAL_DMA_Abort
 .text.HAL_DMA_Abort_IT
                0x0000000008007c84       0x52 ./Drivers/STM32H5xx_HAL_Driver/Src/stm32h5xx_hal_dma.o
                0x0000000008007c84                HAL_DMA_Abort_IT
 .text.HAL_DMA_IRQHandler
                0x0000000008007cd6      0x2f4 ./Drivers/STM32H5xx_HAL_Driver/Src/stm32h5xx_hal_dma.o
                0x0000000008007cd6                HAL_DMA_IRQHandler
 .text.HAL_DMA_ConfigChannelAttributes
                0x0000000008007fca       0x78 ./Drivers/STM32H5xx_HAL_Driver/Src/stm32h5xx_hal_dma.o
                0x0000000008007fca                HAL_DMA_ConfigChannelAttributes
 *fill*         0x0000000008008042        0x2 
 .text.HAL_DMAEx_List_Init
                0x0000000008008044      0x258 ./Drivers/STM32H5xx_HAL_Driver/Src/stm32h5xx_hal_dma_ex.o
                0x0000000008008044                HAL_DMAEx_List_Init
 .text.HAL_DMAEx_List_BuildNode
                0x000000000800829c       0x2c ./Drivers/STM32H5xx_HAL_Driver/Src/stm32h5xx_hal_dma_ex.o
                0x000000000800829c                HAL_DMAEx_List_BuildNode
 .text.HAL_DMAEx_List_InsertNode
                0x00000000080082c8      0x192 ./Drivers/STM32H5xx_HAL_Driver/Src/stm32h5xx_hal_dma_ex.o
                0x00000000080082c8                HAL_DMAEx_List_InsertNode
 .text.HAL_DMAEx_List_SetCircularMode
                0x000000000800845a       0xc0 ./Drivers/STM32H5xx_HAL_Driver/Src/stm32h5xx_hal_dma_ex.o
                0x000000000800845a                HAL_DMAEx_List_SetCircularMode
 *fill*         0x000000000800851a        0x2 
 .text.HAL_DMAEx_List_LinkQ
                0x000000000800851c      0x12c ./Drivers/STM32H5xx_HAL_Driver/Src/stm32h5xx_hal_dma_ex.o
                0x000000000800851c                HAL_DMAEx_List_LinkQ
 .text.DMA_List_Init
                0x0000000008008648      0x2b0 ./Drivers/STM32H5xx_HAL_Driver/Src/stm32h5xx_hal_dma_ex.o
 .text.DMA_List_BuildNode
                0x00000000080088f8      0x2b0 ./Drivers/STM32H5xx_HAL_Driver/Src/stm32h5xx_hal_dma_ex.o
 .text.DMA_List_CheckNodesBaseAddresses
                0x0000000008008ba8       0x60 ./Drivers/STM32H5xx_HAL_Driver/Src/stm32h5xx_hal_dma_ex.o
 .text.DMA_List_CheckNodesTypes
                0x0000000008008c08       0x78 ./Drivers/STM32H5xx_HAL_Driver/Src/stm32h5xx_hal_dma_ex.o
 .text.DMA_List_GetCLLRNodeInfo
                0x0000000008008c80       0x60 ./Drivers/STM32H5xx_HAL_Driver/Src/stm32h5xx_hal_dma_ex.o
 .text.DMA_List_FindNode
                0x0000000008008ce0      0x13e ./Drivers/STM32H5xx_HAL_Driver/Src/stm32h5xx_hal_dma_ex.o
 .text.HAL_EXTI_RegisterCallback
                0x0000000008008e1e       0x58 ./Drivers/STM32H5xx_HAL_Driver/Src/stm32h5xx_hal_exti.o
                0x0000000008008e1e                HAL_EXTI_RegisterCallback
 .text.HAL_EXTI_GetHandle
                0x0000000008008e76       0x28 ./Drivers/STM32H5xx_HAL_Driver/Src/stm32h5xx_hal_exti.o
                0x0000000008008e76                HAL_EXTI_GetHandle
 *fill*         0x0000000008008e9e        0x2 
 .text.HAL_GPIO_Init
                0x0000000008008ea0      0x2a4 ./Drivers/STM32H5xx_HAL_Driver/Src/stm32h5xx_hal_gpio.o
                0x0000000008008ea0                HAL_GPIO_Init
 .text.HAL_GPIO_DeInit
                0x0000000008009144      0x178 ./Drivers/STM32H5xx_HAL_Driver/Src/stm32h5xx_hal_gpio.o
                0x0000000008009144                HAL_GPIO_DeInit
 .text.HAL_GPIO_ReadPin
                0x00000000080092bc       0x30 ./Drivers/STM32H5xx_HAL_Driver/Src/stm32h5xx_hal_gpio.o
                0x00000000080092bc                HAL_GPIO_ReadPin
 .text.HAL_GPIO_WritePin
                0x00000000080092ec       0x30 ./Drivers/STM32H5xx_HAL_Driver/Src/stm32h5xx_hal_gpio.o
                0x00000000080092ec                HAL_GPIO_WritePin
 .text.HAL_I2C_Init
                0x000000000800931c      0x136 ./Drivers/STM32H5xx_HAL_Driver/Src/stm32h5xx_hal_i2c.o
                0x000000000800931c                HAL_I2C_Init
 .text.HAL_I2C_DeInit
                0x0000000008009452       0x5e ./Drivers/STM32H5xx_HAL_Driver/Src/stm32h5xx_hal_i2c.o
                0x0000000008009452                HAL_I2C_DeInit
 .text.HAL_I2C_MspInit
                0x00000000080094b0       0x14 ./Drivers/STM32H5xx_HAL_Driver/Src/stm32h5xx_hal_i2c.o
                0x00000000080094b0                HAL_I2C_MspInit
 .text.HAL_I2C_MspDeInit
                0x00000000080094c4       0x14 ./Drivers/STM32H5xx_HAL_Driver/Src/stm32h5xx_hal_i2c.o
                0x00000000080094c4                HAL_I2C_MspDeInit
 .text.HAL_I2C_Mem_Write
                0x00000000080094d8      0x228 ./Drivers/STM32H5xx_HAL_Driver/Src/stm32h5xx_hal_i2c.o
                0x00000000080094d8                HAL_I2C_Mem_Write
 .text.HAL_I2C_Mem_Read
                0x0000000008009700      0x234 ./Drivers/STM32H5xx_HAL_Driver/Src/stm32h5xx_hal_i2c.o
                0x0000000008009700                HAL_I2C_Mem_Read
 .text.HAL_I2C_GetState
                0x0000000008009934       0x1c ./Drivers/STM32H5xx_HAL_Driver/Src/stm32h5xx_hal_i2c.o
                0x0000000008009934                HAL_I2C_GetState
 .text.HAL_I2C_GetError
                0x0000000008009950       0x18 ./Drivers/STM32H5xx_HAL_Driver/Src/stm32h5xx_hal_i2c.o
                0x0000000008009950                HAL_I2C_GetError
 .text.I2C_RequestMemoryWrite
                0x0000000008009968       0xa8 ./Drivers/STM32H5xx_HAL_Driver/Src/stm32h5xx_hal_i2c.o
 .text.I2C_RequestMemoryRead
                0x0000000008009a10       0xa8 ./Drivers/STM32H5xx_HAL_Driver/Src/stm32h5xx_hal_i2c.o
 .text.I2C_Flush_TXDR
                0x0000000008009ab8       0x48 ./Drivers/STM32H5xx_HAL_Driver/Src/stm32h5xx_hal_i2c.o
 .text.I2C_WaitOnFlagUntilTimeout
                0x0000000008009b00       0x9e ./Drivers/STM32H5xx_HAL_Driver/Src/stm32h5xx_hal_i2c.o
 .text.I2C_WaitOnTXISFlagUntilTimeout
                0x0000000008009b9e       0x8e ./Drivers/STM32H5xx_HAL_Driver/Src/stm32h5xx_hal_i2c.o
 .text.I2C_WaitOnSTOPFlagUntilTimeout
                0x0000000008009c2c       0x86 ./Drivers/STM32H5xx_HAL_Driver/Src/stm32h5xx_hal_i2c.o
 *fill*         0x0000000008009cb2        0x2 
 .text.I2C_IsErrorOccurred
                0x0000000008009cb4      0x1c0 ./Drivers/STM32H5xx_HAL_Driver/Src/stm32h5xx_hal_i2c.o
 .text.I2C_TransferConfig
                0x0000000008009e74       0x64 ./Drivers/STM32H5xx_HAL_Driver/Src/stm32h5xx_hal_i2c.o
 .text.HAL_I2CEx_ConfigAnalogFilter
                0x0000000008009ed8       0x96 ./Drivers/STM32H5xx_HAL_Driver/Src/stm32h5xx_hal_i2c_ex.o
                0x0000000008009ed8                HAL_I2CEx_ConfigAnalogFilter
 .text.HAL_I2CEx_ConfigDigitalFilter
                0x0000000008009f6e       0x98 ./Drivers/STM32H5xx_HAL_Driver/Src/stm32h5xx_hal_i2c_ex.o
                0x0000000008009f6e                HAL_I2CEx_ConfigDigitalFilter
 *fill*         0x000000000800a006        0x2 
 .text.HAL_ICACHE_ConfigAssociativityMode
                0x000000000800a008       0x40 ./Drivers/STM32H5xx_HAL_Driver/Src/stm32h5xx_hal_icache.o
                0x000000000800a008                HAL_ICACHE_ConfigAssociativityMode
 .text.HAL_ICACHE_Enable
                0x000000000800a048       0x20 ./Drivers/STM32H5xx_HAL_Driver/Src/stm32h5xx_hal_icache.o
                0x000000000800a048                HAL_ICACHE_Enable
 .text.HAL_RCC_OscConfig
                0x000000000800a068      0x870 ./Drivers/STM32H5xx_HAL_Driver/Src/stm32h5xx_hal_rcc.o
                0x000000000800a068                HAL_RCC_OscConfig
 .text.HAL_RCC_ClockConfig
                0x000000000800a8d8      0x370 ./Drivers/STM32H5xx_HAL_Driver/Src/stm32h5xx_hal_rcc.o
                0x000000000800a8d8                HAL_RCC_ClockConfig
 .text.HAL_RCC_GetSysClockFreq
                0x000000000800ac48      0x258 ./Drivers/STM32H5xx_HAL_Driver/Src/stm32h5xx_hal_rcc.o
                0x000000000800ac48                HAL_RCC_GetSysClockFreq
 .text.HAL_RCC_GetHCLKFreq
                0x000000000800aea0       0x38 ./Drivers/STM32H5xx_HAL_Driver/Src/stm32h5xx_hal_rcc.o
                0x000000000800aea0                HAL_RCC_GetHCLKFreq
 .text.HAL_RCC_GetPCLK1Freq
                0x000000000800aed8       0x2c ./Drivers/STM32H5xx_HAL_Driver/Src/stm32h5xx_hal_rcc.o
                0x000000000800aed8                HAL_RCC_GetPCLK1Freq
 .text.HAL_RCC_GetPCLK2Freq
                0x000000000800af04       0x2c ./Drivers/STM32H5xx_HAL_Driver/Src/stm32h5xx_hal_rcc.o
                0x000000000800af04                HAL_RCC_GetPCLK2Freq
 .text.HAL_RCC_GetPCLK3Freq
                0x000000000800af30       0x2c ./Drivers/STM32H5xx_HAL_Driver/Src/stm32h5xx_hal_rcc.o
                0x000000000800af30                HAL_RCC_GetPCLK3Freq
 .text.HAL_RCCEx_PeriphCLKConfig
                0x000000000800af5c     0x1f14 ./Drivers/STM32H5xx_HAL_Driver/Src/stm32h5xx_hal_rcc_ex.o
                0x000000000800af5c                HAL_RCCEx_PeriphCLKConfig
 .text.HAL_RCCEx_GetPLL1ClockFreq
                0x000000000800ce70      0x2d4 ./Drivers/STM32H5xx_HAL_Driver/Src/stm32h5xx_hal_rcc_ex.o
                0x000000000800ce70                HAL_RCCEx_GetPLL1ClockFreq
 .text.HAL_RCCEx_GetPLL2ClockFreq
                0x000000000800d144      0x2d4 ./Drivers/STM32H5xx_HAL_Driver/Src/stm32h5xx_hal_rcc_ex.o
                0x000000000800d144                HAL_RCCEx_GetPLL2ClockFreq
 .text.HAL_RCCEx_GetPLL3ClockFreq
                0x000000000800d418      0x2d4 ./Drivers/STM32H5xx_HAL_Driver/Src/stm32h5xx_hal_rcc_ex.o
                0x000000000800d418                HAL_RCCEx_GetPLL3ClockFreq
 .text.HAL_RCCEx_GetPeriphCLKFreq
                0x000000000800d6ec     0x26b4 ./Drivers/STM32H5xx_HAL_Driver/Src/stm32h5xx_hal_rcc_ex.o
                0x000000000800d6ec                HAL_RCCEx_GetPeriphCLKFreq
 .text.RCCEx_PLL2_Config
                0x000000000800fda0      0x130 ./Drivers/STM32H5xx_HAL_Driver/Src/stm32h5xx_hal_rcc_ex.o
 .text.RCCEx_PLL3_Config
                0x000000000800fed0      0x130 ./Drivers/STM32H5xx_HAL_Driver/Src/stm32h5xx_hal_rcc_ex.o
 .text.HAL_RTC_Init
                0x0000000008010000      0x104 ./Drivers/STM32H5xx_HAL_Driver/Src/stm32h5xx_hal_rtc.o
                0x0000000008010000                HAL_RTC_Init
 .text.HAL_RTC_SetTime
                0x0000000008010104      0x124 ./Drivers/STM32H5xx_HAL_Driver/Src/stm32h5xx_hal_rtc.o
                0x0000000008010104                HAL_RTC_SetTime
 .text.HAL_RTC_SetDate
                0x0000000008010228      0x10c ./Drivers/STM32H5xx_HAL_Driver/Src/stm32h5xx_hal_rtc.o
                0x0000000008010228                HAL_RTC_SetDate
 .text.HAL_RTC_WaitForSynchro
                0x0000000008010334       0x64 ./Drivers/STM32H5xx_HAL_Driver/Src/stm32h5xx_hal_rtc.o
                0x0000000008010334                HAL_RTC_WaitForSynchro
 .text.RTC_EnterInitMode
                0x0000000008010398       0x78 ./Drivers/STM32H5xx_HAL_Driver/Src/stm32h5xx_hal_rtc.o
                0x0000000008010398                RTC_EnterInitMode
 .text.RTC_ExitInitMode
                0x0000000008010410       0x7c ./Drivers/STM32H5xx_HAL_Driver/Src/stm32h5xx_hal_rtc.o
                0x0000000008010410                RTC_ExitInitMode
 .text.RTC_ByteToBcd2
                0x000000000801048c       0x40 ./Drivers/STM32H5xx_HAL_Driver/Src/stm32h5xx_hal_rtc.o
                0x000000000801048c                RTC_ByteToBcd2
 .text.HAL_RTCEx_PrivilegeModeSet
                0x00000000080104cc       0x5c ./Drivers/STM32H5xx_HAL_Driver/Src/stm32h5xx_hal_rtc_ex.o
                0x00000000080104cc                HAL_RTCEx_PrivilegeModeSet
 .text.HAL_TIM_IRQHandler
                0x0000000008010528      0x294 ./Drivers/STM32H5xx_HAL_Driver/Src/stm32h5xx_hal_tim.o
                0x0000000008010528                HAL_TIM_IRQHandler
 .text.HAL_TIM_PeriodElapsedCallback
                0x00000000080107bc       0x14 ./Drivers/STM32H5xx_HAL_Driver/Src/stm32h5xx_hal_tim.o
                0x00000000080107bc                HAL_TIM_PeriodElapsedCallback
 .text.HAL_TIM_OC_DelayElapsedCallback
                0x00000000080107d0       0x14 ./Drivers/STM32H5xx_HAL_Driver/Src/stm32h5xx_hal_tim.o
                0x00000000080107d0                HAL_TIM_OC_DelayElapsedCallback
 .text.HAL_TIM_IC_CaptureCallback
                0x00000000080107e4       0x14 ./Drivers/STM32H5xx_HAL_Driver/Src/stm32h5xx_hal_tim.o
                0x00000000080107e4                HAL_TIM_IC_CaptureCallback
 .text.HAL_TIM_PWM_PulseFinishedCallback
                0x00000000080107f8       0x14 ./Drivers/STM32H5xx_HAL_Driver/Src/stm32h5xx_hal_tim.o
                0x00000000080107f8                HAL_TIM_PWM_PulseFinishedCallback
 .text.HAL_TIM_TriggerCallback
                0x000000000801080c       0x14 ./Drivers/STM32H5xx_HAL_Driver/Src/stm32h5xx_hal_tim.o
                0x000000000801080c                HAL_TIM_TriggerCallback
 .text.HAL_TIMEx_CommutCallback
                0x0000000008010820       0x14 ./Drivers/STM32H5xx_HAL_Driver/Src/stm32h5xx_hal_tim_ex.o
                0x0000000008010820                HAL_TIMEx_CommutCallback
 .text.HAL_TIMEx_BreakCallback
                0x0000000008010834       0x14 ./Drivers/STM32H5xx_HAL_Driver/Src/stm32h5xx_hal_tim_ex.o
                0x0000000008010834                HAL_TIMEx_BreakCallback
 .text.HAL_TIMEx_Break2Callback
                0x0000000008010848       0x14 ./Drivers/STM32H5xx_HAL_Driver/Src/stm32h5xx_hal_tim_ex.o
                0x0000000008010848                HAL_TIMEx_Break2Callback
 .text.HAL_TIMEx_EncoderIndexCallback
                0x000000000801085c       0x14 ./Drivers/STM32H5xx_HAL_Driver/Src/stm32h5xx_hal_tim_ex.o
                0x000000000801085c                HAL_TIMEx_EncoderIndexCallback
 .text.HAL_TIMEx_DirectionChangeCallback
                0x0000000008010870       0x14 ./Drivers/STM32H5xx_HAL_Driver/Src/stm32h5xx_hal_tim_ex.o
                0x0000000008010870                HAL_TIMEx_DirectionChangeCallback
 .text.HAL_TIMEx_IndexErrorCallback
                0x0000000008010884       0x14 ./Drivers/STM32H5xx_HAL_Driver/Src/stm32h5xx_hal_tim_ex.o
                0x0000000008010884                HAL_TIMEx_IndexErrorCallback
 .text.HAL_TIMEx_TransitionErrorCallback
                0x0000000008010898       0x14 ./Drivers/STM32H5xx_HAL_Driver/Src/stm32h5xx_hal_tim_ex.o
                0x0000000008010898                HAL_TIMEx_TransitionErrorCallback
 .text.HAL_UART_Init
                0x00000000080108ac       0xa0 ./Drivers/STM32H5xx_HAL_Driver/Src/stm32h5xx_hal_uart.o
                0x00000000080108ac                HAL_UART_Init
 .text.HAL_UART_MspInit
                0x000000000801094c       0x14 ./Drivers/STM32H5xx_HAL_Driver/Src/stm32h5xx_hal_uart.o
                0x000000000801094c                HAL_UART_MspInit
 .text.HAL_UART_Transmit
                0x0000000008010960      0x13c ./Drivers/STM32H5xx_HAL_Driver/Src/stm32h5xx_hal_uart.o
                0x0000000008010960                HAL_UART_Transmit
 .text.HAL_UART_IRQHandler
                0x0000000008010a9c      0x5a8 ./Drivers/STM32H5xx_HAL_Driver/Src/stm32h5xx_hal_uart.o
                0x0000000008010a9c                HAL_UART_IRQHandler
 .text.HAL_UART_TxCpltCallback
                0x0000000008011044       0x14 ./Drivers/STM32H5xx_HAL_Driver/Src/stm32h5xx_hal_uart.o
                0x0000000008011044                HAL_UART_TxCpltCallback
 .text.HAL_UART_ErrorCallback
                0x0000000008011058       0x14 ./Drivers/STM32H5xx_HAL_Driver/Src/stm32h5xx_hal_uart.o
                0x0000000008011058                HAL_UART_ErrorCallback
 .text.HAL_UARTEx_RxEventCallback
                0x000000000801106c       0x18 ./Drivers/STM32H5xx_HAL_Driver/Src/stm32h5xx_hal_uart.o
                0x000000000801106c                HAL_UARTEx_RxEventCallback
 .text.UART_SetConfig
                0x0000000008011084      0x3dc ./Drivers/STM32H5xx_HAL_Driver/Src/stm32h5xx_hal_uart.o
                0x0000000008011084                UART_SetConfig
 .text.UART_AdvFeatureConfig
                0x0000000008011460      0x144 ./Drivers/STM32H5xx_HAL_Driver/Src/stm32h5xx_hal_uart.o
                0x0000000008011460                UART_AdvFeatureConfig
 .text.UART_CheckIdleState
                0x00000000080115a4      0x154 ./Drivers/STM32H5xx_HAL_Driver/Src/stm32h5xx_hal_uart.o
                0x00000000080115a4                UART_CheckIdleState
 .text.UART_WaitOnFlagUntilTimeout
                0x00000000080116f8       0xce ./Drivers/STM32H5xx_HAL_Driver/Src/stm32h5xx_hal_uart.o
                0x00000000080116f8                UART_WaitOnFlagUntilTimeout
 .text.UART_EndRxTransfer
                0x00000000080117c6       0xcc ./Drivers/STM32H5xx_HAL_Driver/Src/stm32h5xx_hal_uart.o
 .text.UART_DMAAbortOnError
                0x0000000008011892       0x2c ./Drivers/STM32H5xx_HAL_Driver/Src/stm32h5xx_hal_uart.o
 .text.UART_EndTransmit_IT
                0x00000000080118be       0x56 ./Drivers/STM32H5xx_HAL_Driver/Src/stm32h5xx_hal_uart.o
 .text.HAL_UARTEx_WakeupCallback
                0x0000000008011914       0x14 ./Drivers/STM32H5xx_HAL_Driver/Src/stm32h5xx_hal_uart_ex.o
                0x0000000008011914                HAL_UARTEx_WakeupCallback
 .text.HAL_UARTEx_RxFifoFullCallback
                0x0000000008011928       0x14 ./Drivers/STM32H5xx_HAL_Driver/Src/stm32h5xx_hal_uart_ex.o
                0x0000000008011928                HAL_UARTEx_RxFifoFullCallback
 .text.HAL_UARTEx_TxFifoEmptyCallback
                0x000000000801193c       0x14 ./Drivers/STM32H5xx_HAL_Driver/Src/stm32h5xx_hal_uart_ex.o
                0x000000000801193c                HAL_UARTEx_TxFifoEmptyCallback
 .text.HAL_UARTEx_DisableFifoMode
                0x0000000008011950       0x72 ./Drivers/STM32H5xx_HAL_Driver/Src/stm32h5xx_hal_uart_ex.o
                0x0000000008011950                HAL_UARTEx_DisableFifoMode
 .text.HAL_UARTEx_SetTxFifoThreshold
                0x00000000080119c2       0x7c ./Drivers/STM32H5xx_HAL_Driver/Src/stm32h5xx_hal_uart_ex.o
                0x00000000080119c2                HAL_UARTEx_SetTxFifoThreshold
 .text.HAL_UARTEx_SetRxFifoThreshold
                0x0000000008011a3e       0x7c ./Drivers/STM32H5xx_HAL_Driver/Src/stm32h5xx_hal_uart_ex.o
                0x0000000008011a3e                HAL_UARTEx_SetRxFifoThreshold
 *fill*         0x0000000008011aba        0x2 
 .text.UARTEx_SetNbDataToProcess
                0x0000000008011abc       0x9c ./Drivers/STM32H5xx_HAL_Driver/Src/stm32h5xx_hal_uart_ex.o
 .text.MX_MEMS_Init
                0x0000000008011b58        0xc ./MEMS/App/app_mems.o
                0x0000000008011b58                MX_MEMS_Init
 .text.MX_MEMS_Process
                0x0000000008011b64        0xc ./MEMS/App/app_mems.o
                0x0000000008011b64                MX_MEMS_Process
 .text.MX_IKS02A1_DataLogTerminal_Init
                0x0000000008011b70      0x20c ./MEMS/App/app_mems.o
 .text.BSP_PB_Callback
                0x0000000008011d7c       0x20 ./MEMS/App/app_mems.o
                0x0000000008011d7c                BSP_PB_Callback
 .text.MX_IKS02A1_DataLogTerminal_Process
                0x0000000008011d9c       0xbc ./MEMS/App/app_mems.o
 .text.floatToInt
                0x0000000008011e58      0x114 ./MEMS/App/app_mems.o
 .text.Accelero_Sensor_Handler
                0x0000000008011f6c      0x168 ./MEMS/App/app_mems.o
 .text.Gyro_Sensor_Handler
                0x00000000080120d4      0x168 ./MEMS/App/app_mems.o
 .text.Magneto_Sensor_Handler
                0x000000000801223c      0x168 ./MEMS/App/app_mems.o
 .text.std      0x00000000080123a4       0x6c C:/ST/STM32CubeIDE_1.13.2/STM32CubeIDE/plugins/com.st.stm32cube.ide.mcu.externaltools.gnu-tools-for-stm32.11.3.rel1.win32_1.1.1.202309131626/tools/bin/../lib/gcc/arm-none-eabi/11.3.1/../../../../arm-none-eabi/lib/thumb/v8-m.main+fp/hard\libc_nano.a(libc_a-findfp.o)
 .text.stdio_exit_handler
                0x0000000008012410       0x18 C:/ST/STM32CubeIDE_1.13.2/STM32CubeIDE/plugins/com.st.stm32cube.ide.mcu.externaltools.gnu-tools-for-stm32.11.3.rel1.win32_1.1.1.202309131626/tools/bin/../lib/gcc/arm-none-eabi/11.3.1/../../../../arm-none-eabi/lib/thumb/v8-m.main+fp/hard\libc_nano.a(libc_a-findfp.o)
 .text.cleanup_stdio
                0x0000000008012428       0x40 C:/ST/STM32CubeIDE_1.13.2/STM32CubeIDE/plugins/com.st.stm32cube.ide.mcu.externaltools.gnu-tools-for-stm32.11.3.rel1.win32_1.1.1.202309131626/tools/bin/../lib/gcc/arm-none-eabi/11.3.1/../../../../arm-none-eabi/lib/thumb/v8-m.main+fp/hard\libc_nano.a(libc_a-findfp.o)
 .text.global_stdio_init.part.0
                0x0000000008012468       0x3c C:/ST/STM32CubeIDE_1.13.2/STM32CubeIDE/plugins/com.st.stm32cube.ide.mcu.externaltools.gnu-tools-for-stm32.11.3.rel1.win32_1.1.1.202309131626/tools/bin/../lib/gcc/arm-none-eabi/11.3.1/../../../../arm-none-eabi/lib/thumb/v8-m.main+fp/hard\libc_nano.a(libc_a-findfp.o)
 .text.__sfp_lock_acquire
                0x00000000080124a4        0xc C:/ST/STM32CubeIDE_1.13.2/STM32CubeIDE/plugins/com.st.stm32cube.ide.mcu.externaltools.gnu-tools-for-stm32.11.3.rel1.win32_1.1.1.202309131626/tools/bin/../lib/gcc/arm-none-eabi/11.3.1/../../../../arm-none-eabi/lib/thumb/v8-m.main+fp/hard\libc_nano.a(libc_a-findfp.o)
                0x00000000080124a4                __sfp_lock_acquire
 .text.__sfp_lock_release
                0x00000000080124b0        0xc C:/ST/STM32CubeIDE_1.13.2/STM32CubeIDE/plugins/com.st.stm32cube.ide.mcu.externaltools.gnu-tools-for-stm32.11.3.rel1.win32_1.1.1.202309131626/tools/bin/../lib/gcc/arm-none-eabi/11.3.1/../../../../arm-none-eabi/lib/thumb/v8-m.main+fp/hard\libc_nano.a(libc_a-findfp.o)
                0x00000000080124b0                __sfp_lock_release
 .text.__sinit  0x00000000080124bc       0x30 C:/ST/STM32CubeIDE_1.13.2/STM32CubeIDE/plugins/com.st.stm32cube.ide.mcu.externaltools.gnu-tools-for-stm32.11.3.rel1.win32_1.1.1.202309131626/tools/bin/../lib/gcc/arm-none-eabi/11.3.1/../../../../arm-none-eabi/lib/thumb/v8-m.main+fp/hard\libc_nano.a(libc_a-findfp.o)
                0x00000000080124bc                __sinit
 .text._fwalk_sglue
                0x00000000080124ec       0x3c C:/ST/STM32CubeIDE_1.13.2/STM32CubeIDE/plugins/com.st.stm32cube.ide.mcu.externaltools.gnu-tools-for-stm32.11.3.rel1.win32_1.1.1.202309131626/tools/bin/../lib/gcc/arm-none-eabi/11.3.1/../../../../arm-none-eabi/lib/thumb/v8-m.main+fp/hard\libc_nano.a(libc_a-fwalk.o)
                0x00000000080124ec                _fwalk_sglue
 .text.printf   0x0000000008012528       0x24 C:/ST/STM32CubeIDE_1.13.2/STM32CubeIDE/plugins/com.st.stm32cube.ide.mcu.externaltools.gnu-tools-for-stm32.11.3.rel1.win32_1.1.1.202309131626/tools/bin/../lib/gcc/arm-none-eabi/11.3.1/../../../../arm-none-eabi/lib/thumb/v8-m.main+fp/hard\libc_nano.a(libc_a-printf.o)
                0x0000000008012528                iprintf
                0x0000000008012528                printf
 .text.snprintf
                0x000000000801254c       0x68 C:/ST/STM32CubeIDE_1.13.2/STM32CubeIDE/plugins/com.st.stm32cube.ide.mcu.externaltools.gnu-tools-for-stm32.11.3.rel1.win32_1.1.1.202309131626/tools/bin/../lib/gcc/arm-none-eabi/11.3.1/../../../../arm-none-eabi/lib/thumb/v8-m.main+fp/hard\libc_nano.a(libc_a-snprintf.o)
                0x000000000801254c                sniprintf
                0x000000000801254c                snprintf
 .text.__sread  0x00000000080125b4       0x22 C:/ST/STM32CubeIDE_1.13.2/STM32CubeIDE/plugins/com.st.stm32cube.ide.mcu.externaltools.gnu-tools-for-stm32.11.3.rel1.win32_1.1.1.202309131626/tools/bin/../lib/gcc/arm-none-eabi/11.3.1/../../../../arm-none-eabi/lib/thumb/v8-m.main+fp/hard\libc_nano.a(libc_a-stdio.o)
                0x00000000080125b4                __sread
 .text.__swrite
                0x00000000080125d6       0x38 C:/ST/STM32CubeIDE_1.13.2/STM32CubeIDE/plugins/com.st.stm32cube.ide.mcu.externaltools.gnu-tools-for-stm32.11.3.rel1.win32_1.1.1.202309131626/tools/bin/../lib/gcc/arm-none-eabi/11.3.1/../../../../arm-none-eabi/lib/thumb/v8-m.main+fp/hard\libc_nano.a(libc_a-stdio.o)
                0x00000000080125d6                __swrite
 .text.__sseek  0x000000000801260e       0x24 C:/ST/STM32CubeIDE_1.13.2/STM32CubeIDE/plugins/com.st.stm32cube.ide.mcu.externaltools.gnu-tools-for-stm32.11.3.rel1.win32_1.1.1.202309131626/tools/bin/../lib/gcc/arm-none-eabi/11.3.1/../../../../arm-none-eabi/lib/thumb/v8-m.main+fp/hard\libc_nano.a(libc_a-stdio.o)
                0x000000000801260e                __sseek
 .text.__sclose
                0x0000000008012632        0x8 C:/ST/STM32CubeIDE_1.13.2/STM32CubeIDE/plugins/com.st.stm32cube.ide.mcu.externaltools.gnu-tools-for-stm32.11.3.rel1.win32_1.1.1.202309131626/tools/bin/../lib/gcc/arm-none-eabi/11.3.1/../../../../arm-none-eabi/lib/thumb/v8-m.main+fp/hard\libc_nano.a(libc_a-stdio.o)
                0x0000000008012632                __sclose
 .text.memset   0x000000000801263a       0x10 C:/ST/STM32CubeIDE_1.13.2/STM32CubeIDE/plugins/com.st.stm32cube.ide.mcu.externaltools.gnu-tools-for-stm32.11.3.rel1.win32_1.1.1.202309131626/tools/bin/../lib/gcc/arm-none-eabi/11.3.1/../../../../arm-none-eabi/lib/thumb/v8-m.main+fp/hard\libc_nano.a(libc_a-memset.o)
                0x000000000801263a                memset
 *fill*         0x000000000801264a        0x2 
 .text._close_r
                0x000000000801264c       0x20 C:/ST/STM32CubeIDE_1.13.2/STM32CubeIDE/plugins/com.st.stm32cube.ide.mcu.externaltools.gnu-tools-for-stm32.11.3.rel1.win32_1.1.1.202309131626/tools/bin/../lib/gcc/arm-none-eabi/11.3.1/../../../../arm-none-eabi/lib/thumb/v8-m.main+fp/hard\libc_nano.a(libc_a-closer.o)
                0x000000000801264c                _close_r
 .text._lseek_r
                0x000000000801266c       0x24 C:/ST/STM32CubeIDE_1.13.2/STM32CubeIDE/plugins/com.st.stm32cube.ide.mcu.externaltools.gnu-tools-for-stm32.11.3.rel1.win32_1.1.1.202309131626/tools/bin/../lib/gcc/arm-none-eabi/11.3.1/../../../../arm-none-eabi/lib/thumb/v8-m.main+fp/hard\libc_nano.a(libc_a-lseekr.o)
                0x000000000801266c                _lseek_r
 .text._read_r  0x0000000008012690       0x24 C:/ST/STM32CubeIDE_1.13.2/STM32CubeIDE/plugins/com.st.stm32cube.ide.mcu.externaltools.gnu-tools-for-stm32.11.3.rel1.win32_1.1.1.202309131626/tools/bin/../lib/gcc/arm-none-eabi/11.3.1/../../../../arm-none-eabi/lib/thumb/v8-m.main+fp/hard\libc_nano.a(libc_a-readr.o)
                0x0000000008012690                _read_r
 .text._write_r
                0x00000000080126b4       0x24 C:/ST/STM32CubeIDE_1.13.2/STM32CubeIDE/plugins/com.st.stm32cube.ide.mcu.externaltools.gnu-tools-for-stm32.11.3.rel1.win32_1.1.1.202309131626/tools/bin/../lib/gcc/arm-none-eabi/11.3.1/../../../../arm-none-eabi/lib/thumb/v8-m.main+fp/hard\libc_nano.a(libc_a-writer.o)
                0x00000000080126b4                _write_r
 .text.__errno  0x00000000080126d8        0xc C:/ST/STM32CubeIDE_1.13.2/STM32CubeIDE/plugins/com.st.stm32cube.ide.mcu.externaltools.gnu-tools-for-stm32.11.3.rel1.win32_1.1.1.202309131626/tools/bin/../lib/gcc/arm-none-eabi/11.3.1/../../../../arm-none-eabi/lib/thumb/v8-m.main+fp/hard\libc_nano.a(libc_a-errno.o)
                0x00000000080126d8                __errno
 .text.__libc_init_array
                0x00000000080126e4       0x48 C:/ST/STM32CubeIDE_1.13.2/STM32CubeIDE/plugins/com.st.stm32cube.ide.mcu.externaltools.gnu-tools-for-stm32.11.3.rel1.win32_1.1.1.202309131626/tools/bin/../lib/gcc/arm-none-eabi/11.3.1/../../../../arm-none-eabi/lib/thumb/v8-m.main+fp/hard\libc_nano.a(libc_a-init.o)
                0x00000000080126e4                __libc_init_array
 .text.__retarget_lock_init_recursive
                0x000000000801272c        0x2 C:/ST/STM32CubeIDE_1.13.2/STM32CubeIDE/plugins/com.st.stm32cube.ide.mcu.externaltools.gnu-tools-for-stm32.11.3.rel1.win32_1.1.1.202309131626/tools/bin/../lib/gcc/arm-none-eabi/11.3.1/../../../../arm-none-eabi/lib/thumb/v8-m.main+fp/hard\libc_nano.a(libc_a-lock.o)
                0x000000000801272c                __retarget_lock_init_recursive
 .text.__retarget_lock_acquire_recursive
                0x000000000801272e        0x2 C:/ST/STM32CubeIDE_1.13.2/STM32CubeIDE/plugins/com.st.stm32cube.ide.mcu.externaltools.gnu-tools-for-stm32.11.3.rel1.win32_1.1.1.202309131626/tools/bin/../lib/gcc/arm-none-eabi/11.3.1/../../../../arm-none-eabi/lib/thumb/v8-m.main+fp/hard\libc_nano.a(libc_a-lock.o)
                0x000000000801272e                __retarget_lock_acquire_recursive
 .text.__retarget_lock_release_recursive
                0x0000000008012730        0x2 C:/ST/STM32CubeIDE_1.13.2/STM32CubeIDE/plugins/com.st.stm32cube.ide.mcu.externaltools.gnu-tools-for-stm32.11.3.rel1.win32_1.1.1.202309131626/tools/bin/../lib/gcc/arm-none-eabi/11.3.1/../../../../arm-none-eabi/lib/thumb/v8-m.main+fp/hard\libc_nano.a(libc_a-lock.o)
                0x0000000008012730                __retarget_lock_release_recursive
 *fill*         0x0000000008012732        0x2 
 .text._free_r  0x0000000008012734       0x98 C:/ST/STM32CubeIDE_1.13.2/STM32CubeIDE/plugins/com.st.stm32cube.ide.mcu.externaltools.gnu-tools-for-stm32.11.3.rel1.win32_1.1.1.202309131626/tools/bin/../lib/gcc/arm-none-eabi/11.3.1/../../../../arm-none-eabi/lib/thumb/v8-m.main+fp/hard\libc_nano.a(libc_a-freer.o)
                0x0000000008012734                _free_r
 .text.sbrk_aligned
                0x00000000080127cc       0x40 C:/ST/STM32CubeIDE_1.13.2/STM32CubeIDE/plugins/com.st.stm32cube.ide.mcu.externaltools.gnu-tools-for-stm32.11.3.rel1.win32_1.1.1.202309131626/tools/bin/../lib/gcc/arm-none-eabi/11.3.1/../../../../arm-none-eabi/lib/thumb/v8-m.main+fp/hard\libc_nano.a(libc_a-mallocr.o)
 .text._malloc_r
                0x000000000801280c      0x100 C:/ST/STM32CubeIDE_1.13.2/STM32CubeIDE/plugins/com.st.stm32cube.ide.mcu.externaltools.gnu-tools-for-stm32.11.3.rel1.win32_1.1.1.202309131626/tools/bin/../lib/gcc/arm-none-eabi/11.3.1/../../../../arm-none-eabi/lib/thumb/v8-m.main+fp/hard\libc_nano.a(libc_a-mallocr.o)
                0x000000000801280c                _malloc_r
 .text.__malloc_lock
                0x000000000801290c        0xc C:/ST/STM32CubeIDE_1.13.2/STM32CubeIDE/plugins/com.st.stm32cube.ide.mcu.externaltools.gnu-tools-for-stm32.11.3.rel1.win32_1.1.1.202309131626/tools/bin/../lib/gcc/arm-none-eabi/11.3.1/../../../../arm-none-eabi/lib/thumb/v8-m.main+fp/hard\libc_nano.a(libc_a-mlock.o)
                0x000000000801290c                __malloc_lock
 .text.__malloc_unlock
                0x0000000008012918        0xc C:/ST/STM32CubeIDE_1.13.2/STM32CubeIDE/plugins/com.st.stm32cube.ide.mcu.externaltools.gnu-tools-for-stm32.11.3.rel1.win32_1.1.1.202309131626/tools/bin/../lib/gcc/arm-none-eabi/11.3.1/../../../../arm-none-eabi/lib/thumb/v8-m.main+fp/hard\libc_nano.a(libc_a-mlock.o)
                0x0000000008012918                __malloc_unlock
 .text.__ssputs_r
                0x0000000008012924       0xb4 C:/ST/STM32CubeIDE_1.13.2/STM32CubeIDE/plugins/com.st.stm32cube.ide.mcu.externaltools.gnu-tools-for-stm32.11.3.rel1.win32_1.1.1.202309131626/tools/bin/../lib/gcc/arm-none-eabi/11.3.1/../../../../arm-none-eabi/lib/thumb/v8-m.main+fp/hard\libc_nano.a(libc_a-nano-svfprintf.o)
                0x0000000008012924                __ssputs_r
 .text._svfprintf_r
                0x00000000080129d8      0x1fc C:/ST/STM32CubeIDE_1.13.2/STM32CubeIDE/plugins/com.st.stm32cube.ide.mcu.externaltools.gnu-tools-for-stm32.11.3.rel1.win32_1.1.1.202309131626/tools/bin/../lib/gcc/arm-none-eabi/11.3.1/../../../../arm-none-eabi/lib/thumb/v8-m.main+fp/hard\libc_nano.a(libc_a-nano-svfprintf.o)
                0x00000000080129d8                _svfiprintf_r
                0x00000000080129d8                _svfprintf_r
 .text.__sfputc_r
                0x0000000008012bd4       0x2e C:/ST/STM32CubeIDE_1.13.2/STM32CubeIDE/plugins/com.st.stm32cube.ide.mcu.externaltools.gnu-tools-for-stm32.11.3.rel1.win32_1.1.1.202309131626/tools/bin/../lib/gcc/arm-none-eabi/11.3.1/../../../../arm-none-eabi/lib/thumb/v8-m.main+fp/hard\libc_nano.a(libc_a-nano-vfprintf.o)
 .text.__sfputs_r
                0x0000000008012c02       0x24 C:/ST/STM32CubeIDE_1.13.2/STM32CubeIDE/plugins/com.st.stm32cube.ide.mcu.externaltools.gnu-tools-for-stm32.11.3.rel1.win32_1.1.1.202309131626/tools/bin/../lib/gcc/arm-none-eabi/11.3.1/../../../../arm-none-eabi/lib/thumb/v8-m.main+fp/hard\libc_nano.a(libc_a-nano-vfprintf.o)
                0x0000000008012c02                __sfputs_r
 *fill*         0x0000000008012c26        0x2 
 .text._vfprintf_r
                0x0000000008012c28      0x234 C:/ST/STM32CubeIDE_1.13.2/STM32CubeIDE/plugins/com.st.stm32cube.ide.mcu.externaltools.gnu-tools-for-stm32.11.3.rel1.win32_1.1.1.202309131626/tools/bin/../lib/gcc/arm-none-eabi/11.3.1/../../../../arm-none-eabi/lib/thumb/v8-m.main+fp/hard\libc_nano.a(libc_a-nano-vfprintf.o)
                0x0000000008012c28                _vfprintf_r
                0x0000000008012c28                _vfiprintf_r
 .text._printf_common
                0x0000000008012e5c       0xe4 C:/ST/STM32CubeIDE_1.13.2/STM32CubeIDE/plugins/com.st.stm32cube.ide.mcu.externaltools.gnu-tools-for-stm32.11.3.rel1.win32_1.1.1.202309131626/tools/bin/../lib/gcc/arm-none-eabi/11.3.1/../../../../arm-none-eabi/lib/thumb/v8-m.main+fp/hard\libc_nano.a(libc_a-nano-vfprintf_i.o)
                0x0000000008012e5c                _printf_common
 .text._printf_i
                0x0000000008012f40      0x240 C:/ST/STM32CubeIDE_1.13.2/STM32CubeIDE/plugins/com.st.stm32cube.ide.mcu.externaltools.gnu-tools-for-stm32.11.3.rel1.win32_1.1.1.202309131626/tools/bin/../lib/gcc/arm-none-eabi/11.3.1/../../../../arm-none-eabi/lib/thumb/v8-m.main+fp/hard\libc_nano.a(libc_a-nano-vfprintf_i.o)
                0x0000000008012f40                _printf_i
 .text.__sflush_r
                0x0000000008013180      0x108 C:/ST/STM32CubeIDE_1.13.2/STM32CubeIDE/plugins/com.st.stm32cube.ide.mcu.externaltools.gnu-tools-for-stm32.11.3.rel1.win32_1.1.1.202309131626/tools/bin/../lib/gcc/arm-none-eabi/11.3.1/../../../../arm-none-eabi/lib/thumb/v8-m.main+fp/hard\libc_nano.a(libc_a-fflush.o)
                0x0000000008013180                __sflush_r
 .text._fflush_r
                0x0000000008013288       0x50 C:/ST/STM32CubeIDE_1.13.2/STM32CubeIDE/plugins/com.st.stm32cube.ide.mcu.externaltools.gnu-tools-for-stm32.11.3.rel1.win32_1.1.1.202309131626/tools/bin/../lib/gcc/arm-none-eabi/11.3.1/../../../../arm-none-eabi/lib/thumb/v8-m.main+fp/hard\libc_nano.a(libc_a-fflush.o)
                0x0000000008013288                _fflush_r
 .text.__swbuf_r
                0x00000000080132d8       0x7a C:/ST/STM32CubeIDE_1.13.2/STM32CubeIDE/plugins/com.st.stm32cube.ide.mcu.externaltools.gnu-tools-for-stm32.11.3.rel1.win32_1.1.1.202309131626/tools/bin/../lib/gcc/arm-none-eabi/11.3.1/../../../../arm-none-eabi/lib/thumb/v8-m.main+fp/hard\libc_nano.a(libc_a-wbuf.o)
                0x00000000080132d8                __swbuf_r
 *fill*         0x0000000008013352        0x2 
 .text.__swsetup_r
                0x0000000008013354       0xb0 C:/ST/STM32CubeIDE_1.13.2/STM32CubeIDE/plugins/com.st.stm32cube.ide.mcu.externaltools.gnu-tools-for-stm32.11.3.rel1.win32_1.1.1.202309131626/tools/bin/../lib/gcc/arm-none-eabi/11.3.1/../../../../arm-none-eabi/lib/thumb/v8-m.main+fp/hard\libc_nano.a(libc_a-wsetup.o)
                0x0000000008013354                __swsetup_r
 .text.memmove  0x0000000008013404       0x34 C:/ST/STM32CubeIDE_1.13.2/STM32CubeIDE/plugins/com.st.stm32cube.ide.mcu.externaltools.gnu-tools-for-stm32.11.3.rel1.win32_1.1.1.202309131626/tools/bin/../lib/gcc/arm-none-eabi/11.3.1/../../../../arm-none-eabi/lib/thumb/v8-m.main+fp/hard\libc_nano.a(libc_a-memmove.o)