../Core/Src/main.c:79:5:main	8	static
../Core/Src/main.c:131:6:SystemClock_Config	120	static
../Core/Src/main.c:186:13:MX_ADC1_Init	40	static
../Core/Src/main.c:271:13:MX_CRC_Init	8	static
../Core/Src/main.c:302:13:MX_GPDMA1_Init	16	static
../Core/Src/main.c:330:13:MX_ICACHE_Init	8	static
../Core/Src/main.c:362:13:MX_MEMORYMAP_Init	4	static
../Core/Src/main.c:383:13:MX_RTC_Init	64	static
../Core/Src/main.c:458:6:MX_TIM3_Init	40	static
../Core/Src/main.c:503:13:MX_GPIO_Init	32	static
../Core/Src/main.c:527:6:Error_Handler	4	static,ignoring_inline_asm
